<html>
<body>
<pre>
<h1>µVision Build Log</h1>
<h2>Project:</h2>
C:\Users\M_Jez\Documents\Studia\Programowanie mikrokontrolerów ARM w jêzyku C\Projekty\Current\Test.uvproj
Project File Date:  11/20/2017

<h2>Output:</h2>
Rebuild target 'Target 1'
assembling Startup.s...
compiling main.c...
main.c(7): error:  #65: expected a ";"
main.c(13): warning:  #1-D: last line of file ends without a newline
".\Test.axf" - 1 Errors, 1 Warning(s).
Target not created
Rebuild target 'Target 1'
assembling Startup.s...
compiling main.c...
main.c(7): warning:  #174-D: expression has no effect
linking...
Program Size: Code=848 RO-data=32 RW-data=12 ZI-data=1260  
FromELF: creating hex file...
".\Test.axf" - 0 Errors, 1 Warning(s).
Rebuild target 'Target 1'
assembling Startup.s...
compiling main.c...
linking...
Program Size: Code=856 RO-data=32 RW-data=12 ZI-data=1260  
FromELF: creating hex file...
".\Test.axf" - 0 Errors, 0 Warning(s).
