<html>
<body>
<pre>
<h1>µVision Build Log</h1>
<h2>Project:</h2>
C:\Users\Michal_Jez\Documents\Programing_uC_ARM_in_C\Current\Serwomechanizm.uvproj
Project File Date:  12/29/2017

<h2>Output:</h2>
Build target 'Target 1'
compiling main.c...
linking...
Program Size: Code=2252 RO-data=32 RW-data=20 ZI-data=1260  
FromELF: creating hex file...
".\Serwomechanizm.axf" - 0 Errors, 0 Warning(s).
Build target 'Target 1'
linking...
Program Size: Code=2252 RO-data=32 RW-data=20 ZI-data=1260  
FromELF: creating hex file...
".\Serwomechanizm.axf" - 0 Errors, 0 Warning(s).
Build target 'Target 1'
compiling main.c...
linking...
Program Size: Code=2252 RO-data=32 RW-data=20 ZI-data=1260  
FromELF: creating hex file...
".\Serwomechanizm.axf" - 0 Errors, 0 Warning(s).
Build target 'Target 1'
compiling main.c...
main.c(95): warning:  #550-D: variable "eDecoderState" was set but never used
linking...
Program Size: Code=2268 RO-data=32 RW-data=20 ZI-data=1260  
FromELF: creating hex file...
".\Serwomechanizm.axf" - 0 Errors, 1 Warning(s).
Build target 'Target 1'
compiling main.c...
main.c(96): warning:  #550-D: variable "eDecoderState" was set but never used
linking...
Program Size: Code=2268 RO-data=32 RW-data=20 ZI-data=1260  
FromELF: creating hex file...
".\Serwomechanizm.axf" - 0 Errors, 1 Warning(s).
Build target 'Target 1'
compiling main.c...
main.c(96): warning:  #550-D: variable "eDecoderState" was set but never used
linking...
Program Size: Code=2352 RO-data=32 RW-data=24 ZI-data=1256  
FromELF: creating hex file...
".\Serwomechanizm.axf" - 0 Errors, 1 Warning(s).
Build target 'Target 1'
compiling main.c...
main.c(96): warning:  #550-D: variable "eDecoderState" was set but never used
linking...
Program Size: Code=2348 RO-data=32 RW-data=24 ZI-data=1256  
FromELF: creating hex file...
".\Serwomechanizm.axf" - 0 Errors, 1 Warning(s).
Build target 'Target 1'
compiling main.c...
main.c(96): warning:  #550-D: variable "eDecoderState" was set but never used
linking...
Program Size: Code=2408 RO-data=32 RW-data=24 ZI-data=1256  
FromELF: creating hex file...
".\Serwomechanizm.axf" - 0 Errors, 1 Warning(s).
Build target 'Target 1'
compiling main.c...
main.c(97): warning:  #550-D: variable "eDecoderState" was set but never used
linking...
Program Size: Code=2416 RO-data=32 RW-data=24 ZI-data=1256  
FromELF: creating hex file...
".\Serwomechanizm.axf" - 0 Errors, 1 Warning(s).
Build target 'Target 1'
compiling main.c...
main.c(97): warning:  #550-D: variable "eDecoderState" was set but never used
linking...
Program Size: Code=2416 RO-data=32 RW-data=24 ZI-data=1256  
FromELF: creating hex file...
".\Serwomechanizm.axf" - 0 Errors, 1 Warning(s).
Build target 'Target 1'
compiling main.c...
main.c(97): warning:  #550-D: variable "eDecoderState" was set but never used
linking...
Program Size: Code=2436 RO-data=32 RW-data=24 ZI-data=1256  
FromELF: creating hex file...
".\Serwomechanizm.axf" - 0 Errors, 1 Warning(s).
Build target 'Target 1'
linking...
Program Size: Code=2436 RO-data=32 RW-data=24 ZI-data=1256  
FromELF: creating hex file...
".\Serwomechanizm.axf" - 0 Errors, 0 Warning(s).
Build target 'Target 1'
compiling main.c...
main.c(97): warning:  #550-D: variable "eDecoderState" was set but never used
linking...
Program Size: Code=2440 RO-data=32 RW-data=24 ZI-data=1256  
FromELF: creating hex file...
".\Serwomechanizm.axf" - 0 Errors, 1 Warning(s).
Build target 'Target 1'
compiling main.c...
main.c(40): warning:  #550-D: variable "eDecoderState" was set but never used
linking...
Program Size: Code=1924 RO-data=32 RW-data=20 ZI-data=1260  
FromELF: creating hex file...
".\Serwomechanizm.axf" - 0 Errors, 1 Warning(s).
Build target 'Target 1'
compiling main.c...
main.c(40): warning:  #177-D: variable "eDecoderState" was declared but never referenced
linking...
Program Size: Code=1900 RO-data=32 RW-data=20 ZI-data=1260  
FromELF: creating hex file...
".\Serwomechanizm.axf" - 0 Errors, 1 Warning(s).
Build target 'Target 1'
compiling main.c...
main.c(59): error:  #20: identifier "Servo" is undefined
main.c(47): warning:  #177-D: variable "eDecoderState" was declared but never referenced
".\Serwomechanizm.axf" - 1 Errors, 1 Warning(s).
Target not created
Build target 'Target 1'
compiling main.c...
main.c(49): warning:  #177-D: variable "eDecoderState" was declared but never referenced
linking...
Program Size: Code=1900 RO-data=32 RW-data=8 ZI-data=1272  
FromELF: creating hex file...
".\Serwomechanizm.axf" - 0 Errors, 1 Warning(s).
Build target 'Target 1'
compiling main.c...
main.c(51): error:  #65: expected a ";"
main.c(61): error:  #154: expression must have struct or union type
main.c(61): error:  #154: expression must have struct or union type
main.c(62): error:  #154: expression must have struct or union type
main.c(63): error:  #154: expression must have struct or union type
main.c(63): error:  #154: expression must have struct or union type
main.c(70): error:  #154: expression must have struct or union type
main.c(86): error:  #154: expression must have struct or union type
main.c(86): error:  #154: expression must have struct or union type
main.c(87): error:  #154: expression must have struct or union type
main.c(88): error:  #154: expression must have struct or union type
main.c(88): error:  #154: expression must have struct or union type
main.c(94): error:  #154: expression must have struct or union type
main.c(49): warning:  #177-D: variable "eDecoderState" was declared but never referenced
".\Serwomechanizm.axf" - 13 Errors, 1 Warning(s).
Target not created
Build target 'Target 1'
compiling main.c...
main.c(49): warning:  #177-D: variable "eDecoderState" was declared but never referenced
linking...
Program Size: Code=1972 RO-data=32 RW-data=8 ZI-data=1272  
FromELF: creating hex file...
".\Serwomechanizm.axf" - 0 Errors, 1 Warning(s).
Build target 'Target 1'
compiling main.c...
main.c(55): warning:  #188-D: enumerated type mixed with another type
main.c(73): error:  #20: identifier "eKey" is undefined
main.c(49): warning:  #177-D: variable "eLedStatus" was declared but never referenced
main.c(50): warning:  #177-D: variable "eDecoderState" was declared but never referenced
".\Serwomechanizm.axf" - 1 Errors, 3 Warning(s).
Target not created
Build target 'Target 1'
compiling main.c...
main.c(51): error:  #70: incomplete type is not allowed
main.c(56): warning:  #188-D: enumerated type mixed with another type
main.c(49): warning:  #177-D: variable "eLedStatus" was declared but never referenced
main.c(50): warning:  #177-D: variable "eDecoderState" was declared but never referenced
".\Serwomechanizm.axf" - 1 Errors, 3 Warning(s).
Target not created
Build target 'Target 1'
compiling main.c...
main.c(51): error:  #70: incomplete type is not allowed
main.c(49): warning:  #177-D: variable "eLedStatus" was declared but never referenced
main.c(50): warning:  #177-D: variable "eDecoderState" was declared but never referenced
".\Serwomechanizm.axf" - 1 Errors, 2 Warning(s).
Target not created
Build target 'Target 1'
compiling main.c...
main.c(49): error:  #70: incomplete type is not allowed
".\Serwomechanizm.axf" - 1 Errors, 0 Warning(s).
Target not created
Build target 'Target 1'
compiling main.c...
linking...
Program Size: Code=1976 RO-data=32 RW-data=16 ZI-data=1272  
FromELF: creating hex file...
".\Serwomechanizm.axf" - 0 Errors, 0 Warning(s).
Build target 'Target 1'
compiling main.c...
linking...
Program Size: Code=1976 RO-data=32 RW-data=16 ZI-data=1272  
FromELF: creating hex file...
".\Serwomechanizm.axf" - 0 Errors, 0 Warning(s).
Build target 'Target 1'
compiling main.c...
main.c(69): error:  #65: expected a ";"
main.c(99): warning:  #12-D: parsing restarts here after previous syntax error
main.c(49): warning:  #177-D: variable "eKey" was declared but never referenced
".\Serwomechanizm.axf" - 1 Errors, 2 Warning(s).
Target not created
Build target 'Target 1'
compiling main.c...
linking...
Program Size: Code=1992 RO-data=32 RW-data=16 ZI-data=1272  
FromELF: creating hex file...
".\Serwomechanizm.axf" - 0 Errors, 0 Warning(s).
Build target 'Target 1'
compiling main.c...
linking...
Program Size: Code=2008 RO-data=32 RW-data=16 ZI-data=1272  
FromELF: creating hex file...
".\Serwomechanizm.axf" - 0 Errors, 0 Warning(s).
Build target 'Target 1'
compiling main.c...
linking...
Program Size: Code=2004 RO-data=32 RW-data=16 ZI-data=1272  
FromELF: creating hex file...
".\Serwomechanizm.axf" - 0 Errors, 0 Warning(s).
Build target 'Target 1'
compiling main.c...
linking...
Program Size: Code=2004 RO-data=32 RW-data=16 ZI-data=1272  
FromELF: creating hex file...
".\Serwomechanizm.axf" - 0 Errors, 0 Warning(s).
Build target 'Target 1'
compiling main.c...
linking...
Program Size: Code=2004 RO-data=32 RW-data=16 ZI-data=1272  
FromELF: creating hex file...
".\Serwomechanizm.axf" - 0 Errors, 0 Warning(s).
Build target 'Target 1'
compiling main.c...
main.c(49): warning:  #177-D: variable "eKey" was declared but never referenced
linking...
Program Size: Code=1884 RO-data=32 RW-data=16 ZI-data=1272  
FromELF: creating hex file...
".\Serwomechanizm.axf" - 0 Errors, 1 Warning(s).
Build target 'Target 1'
compiling main.c...
main.c(49): warning:  #177-D: variable "eKey" was declared but never referenced
linking...
Program Size: Code=1884 RO-data=32 RW-data=16 ZI-data=1272  
FromELF: creating hex file...
".\Serwomechanizm.axf" - 0 Errors, 1 Warning(s).
Build target 'Target 1'
compiling main.c...
main.c(49): warning:  #177-D: variable "eKey" was declared but never referenced
linking...
Program Size: Code=1868 RO-data=32 RW-data=8 ZI-data=1272  
FromELF: creating hex file...
".\Serwomechanizm.axf" - 0 Errors, 1 Warning(s).
Build target 'Target 1'
compiling led.c...
linking...
Program Size: Code=1868 RO-data=32 RW-data=8 ZI-data=1272  
FromELF: creating hex file...
".\Serwomechanizm.axf" - 0 Errors, 0 Warning(s).
Build target 'Target 1'
compiling led.c...
linking...
Program Size: Code=1872 RO-data=32 RW-data=8 ZI-data=1272  
FromELF: creating hex file...
".\Serwomechanizm.axf" - 0 Errors, 0 Warning(s).
Build target 'Target 1'
compiling led.c...
linking...
Program Size: Code=1872 RO-data=32 RW-data=8 ZI-data=1272  
FromELF: creating hex file...
".\Serwomechanizm.axf" - 0 Errors, 0 Warning(s).
Build target 'Target 1'
compiling led.c...
linking...
Program Size: Code=1896 RO-data=32 RW-data=8 ZI-data=1272  
FromELF: creating hex file...
".\Serwomechanizm.axf" - 0 Errors, 0 Warning(s).
Build target 'Target 1'
compiling main.c...
main.c(49): warning:  #177-D: variable "eKey" was declared but never referenced
linking...
Program Size: Code=1864 RO-data=32 RW-data=8 ZI-data=1272  
FromELF: creating hex file...
".\Serwomechanizm.axf" - 0 Errors, 1 Warning(s).
Build target 'Target 1'
compiling main.c...
main.c(49): warning:  #177-D: variable "eKey" was declared but never referenced
linking...
Program Size: Code=1896 RO-data=32 RW-data=8 ZI-data=1272  
FromELF: creating hex file...
".\Serwomechanizm.axf" - 0 Errors, 1 Warning(s).
Build target 'Target 1'
compiling led.c...
linking...
Program Size: Code=1880 RO-data=32 RW-data=8 ZI-data=1272  
FromELF: creating hex file...
".\Serwomechanizm.axf" - 0 Errors, 0 Warning(s).
Build target 'Target 1'
compiling led.c...
linking...
Program Size: Code=1884 RO-data=32 RW-data=8 ZI-data=1272  
FromELF: creating hex file...
".\Serwomechanizm.axf" - 0 Errors, 0 Warning(s).
Build target 'Target 1'
compiling main.c...
main.c(49): warning:  #177-D: variable "eKey" was declared but never referenced
compiling led.c...
linking...
Program Size: Code=1884 RO-data=32 RW-data=8 ZI-data=1272  
FromELF: creating hex file...
".\Serwomechanizm.axf" - 0 Errors, 1 Warning(s).
Build target 'Target 1'
compiling main.c...
main.c(49): warning:  #177-D: variable "eKey" was declared but never referenced
linking...
Program Size: Code=1884 RO-data=32 RW-data=8 ZI-data=1272  
FromELF: creating hex file...
".\Serwomechanizm.axf" - 0 Errors, 1 Warning(s).
Build target 'Target 1'
compiling main.c...
main.c(49): warning:  #177-D: variable "eKey" was declared but never referenced
linking...
Program Size: Code=1852 RO-data=32 RW-data=8 ZI-data=1272  
FromELF: creating hex file...
".\Serwomechanizm.axf" - 0 Errors, 1 Warning(s).
Build target 'Target 1'
compiling main.c...
main.c(49): warning:  #177-D: variable "eKey" was declared but never referenced
linking...
Program Size: Code=1864 RO-data=32 RW-data=8 ZI-data=1272  
FromELF: creating hex file...
".\Serwomechanizm.axf" - 0 Errors, 1 Warning(s).
Build target 'Target 1'
compiling led.c...
linking...
Program Size: Code=1812 RO-data=32 RW-data=8 ZI-data=1272  
FromELF: creating hex file...
".\Serwomechanizm.axf" - 0 Errors, 0 Warning(s).
Build target 'Target 1'
compiling led.c...
linking...
Program Size: Code=1812 RO-data=32 RW-data=8 ZI-data=1272  
FromELF: creating hex file...
".\Serwomechanizm.axf" - 0 Errors, 0 Warning(s).
Build target 'Target 1'
compiling main.c...
main.c(49): warning:  #177-D: variable "eKey" was declared but never referenced
linking...
Program Size: Code=1812 RO-data=32 RW-data=8 ZI-data=1272  
FromELF: creating hex file...
".\Serwomechanizm.axf" - 0 Errors, 1 Warning(s).
Build target 'Target 1'
compiling main.c...
main.c(49): warning:  #177-D: variable "eKey" was declared but never referenced
linking...
Program Size: Code=1812 RO-data=32 RW-data=8 ZI-data=1272  
FromELF: creating hex file...
".\Serwomechanizm.axf" - 0 Errors, 1 Warning(s).
Build target 'Target 1'
compiling main.c...
main.c(49): warning:  #177-D: variable "eKey" was declared but never referenced
linking...
Program Size: Code=1820 RO-data=32 RW-data=8 ZI-data=1272  
FromELF: creating hex file...
".\Serwomechanizm.axf" - 0 Errors, 1 Warning(s).
Build target 'Target 1'
compiling main.c...
main.c(49): warning:  #177-D: variable "eKey" was declared but never referenced
compiling led.c...
linking...
Program Size: Code=1896 RO-data=32 RW-data=16 ZI-data=1272  
FromELF: creating hex file...
".\Serwomechanizm.axf" - 0 Errors, 1 Warning(s).
Build target 'Target 1'
compiling main.c...
main.c(49): warning:  #177-D: variable "eKey" was declared but never referenced
linking...
Program Size: Code=1888 RO-data=32 RW-data=16 ZI-data=1272  
FromELF: creating hex file...
".\Serwomechanizm.axf" - 0 Errors, 1 Warning(s).
Build target 'Target 1'
compiling main.c...
main.c(49): warning:  #177-D: variable "eKey" was declared but never referenced
linking...
Program Size: Code=1880 RO-data=32 RW-data=8 ZI-data=1272  
FromELF: creating hex file...
".\Serwomechanizm.axf" - 0 Errors, 1 Warning(s).
Build target 'Target 1'
compiling main.c...
main.c(49): warning:  #177-D: variable "eKey" was declared but never referenced
linking...
Program Size: Code=1880 RO-data=32 RW-data=8 ZI-data=1272  
FromELF: creating hex file...
".\Serwomechanizm.axf" - 0 Errors, 1 Warning(s).
Build target 'Target 1'
compiling main.c...
main.c(49): warning:  #177-D: variable "eKey" was declared but never referenced
linking...
Program Size: Code=1708 RO-data=32 RW-data=8 ZI-data=1272  
FromELF: creating hex file...
".\Serwomechanizm.axf" - 0 Errors, 1 Warning(s).
Build target 'Target 1'
compiling main.c...
main.c(49): warning:  #177-D: variable "eKey" was declared but never referenced
linking...
Program Size: Code=1572 RO-data=32 RW-data=8 ZI-data=1272  
FromELF: creating hex file...
".\Serwomechanizm.axf" - 0 Errors, 1 Warning(s).
Build target 'Target 1'
compiling main.c...
main.c(49): warning:  #177-D: variable "eKey" was declared but never referenced
linking...
Program Size: Code=1576 RO-data=32 RW-data=8 ZI-data=1272  
FromELF: creating hex file...
".\Serwomechanizm.axf" - 0 Errors, 1 Warning(s).
Build target 'Target 1'
compiling main.c...
main.c(49): warning:  #177-D: variable "eKey" was declared but never referenced
linking...
Program Size: Code=1576 RO-data=32 RW-data=8 ZI-data=1272  
FromELF: creating hex file...
".\Serwomechanizm.axf" - 0 Errors, 1 Warning(s).
Build target 'Target 1'
compiling main.c...
main.c(49): warning:  #177-D: variable "eKey" was declared but never referenced
linking...
Program Size: Code=1588 RO-data=32 RW-data=8 ZI-data=1272  
FromELF: creating hex file...
".\Serwomechanizm.axf" - 0 Errors, 1 Warning(s).
Build target 'Target 1'
compiling main.c...
main.c(49): warning:  #177-D: variable "eKey" was declared but never referenced
linking...
Program Size: Code=1736 RO-data=32 RW-data=8 ZI-data=1272  
FromELF: creating hex file...
".\Serwomechanizm.axf" - 0 Errors, 1 Warning(s).
Build target 'Target 1'
compiling main.c...
linking...
Program Size: Code=1836 RO-data=32 RW-data=16 ZI-data=1272  
FromELF: creating hex file...
".\Serwomechanizm.axf" - 0 Errors, 0 Warning(s).
Build target 'Target 1'
compiling main.c...
linking...
Program Size: Code=1976 RO-data=32 RW-data=16 ZI-data=1272  
FromELF: creating hex file...
".\Serwomechanizm.axf" - 0 Errors, 0 Warning(s).
Build target 'Target 1'
compiling main.c...
linking...
Program Size: Code=1976 RO-data=32 RW-data=16 ZI-data=1272  
FromELF: creating hex file...
".\Serwomechanizm.axf" - 0 Errors, 0 Warning(s).
Build target 'Target 1'
compiling main.c...
linking...
Program Size: Code=1976 RO-data=32 RW-data=16 ZI-data=1272  
FromELF: creating hex file...
".\Serwomechanizm.axf" - 0 Errors, 0 Warning(s).
Build target 'Target 1'
compiling main.c...
main.c(49): warning:  #177-D: variable "eKey" was declared but never referenced
main.c(50): warning:  #177-D: variable "uiDelay" was declared but never referenced
linking...
Program Size: Code=1376 RO-data=32 RW-data=4 ZI-data=1268  
FromELF: creating hex file...
".\Serwomechanizm.axf" - 0 Errors, 2 Warning(s).
Build target 'Target 1'
compiling main.c...
main.c(49): warning:  #177-D: variable "eKey" was declared but never referenced
linking...
Program Size: Code=1704 RO-data=32 RW-data=8 ZI-data=1272  
FromELF: creating hex file...
".\Serwomechanizm.axf" - 0 Errors, 1 Warning(s).
Build target 'Target 1'
compiling main.c...
main.c(49): warning:  #177-D: variable "eKey" was declared but never referenced
linking...
Program Size: Code=1736 RO-data=32 RW-data=8 ZI-data=1272  
FromELF: creating hex file...
".\Serwomechanizm.axf" - 0 Errors, 1 Warning(s).
Build target 'Target 1'
compiling main.c...
main.c(49): warning:  #177-D: variable "eKey" was declared but never referenced
main.c(106): error:  #169: expected a declaration
".\Serwomechanizm.axf" - 1 Errors, 1 Warning(s).
Target not created
Build target 'Target 1'
compiling main.c...
main.c(49): warning:  #177-D: variable "eKey" was declared but never referenced
linking...
Program Size: Code=1640 RO-data=32 RW-data=8 ZI-data=1272  
FromELF: creating hex file...
".\Serwomechanizm.axf" - 0 Errors, 1 Warning(s).
Build target 'Target 1'
compiling main.c...
main.c(49): warning:  #177-D: variable "eKey" was declared but never referenced
linking...
Program Size: Code=1480 RO-data=32 RW-data=8 ZI-data=1272  
FromELF: creating hex file...
".\Serwomechanizm.axf" - 0 Errors, 1 Warning(s).
Build target 'Target 1'
compiling main.c...
main.c(49): warning:  #177-D: variable "eKey" was declared but never referenced
linking...
Program Size: Code=1576 RO-data=32 RW-data=8 ZI-data=1272  
FromELF: creating hex file...
".\Serwomechanizm.axf" - 0 Errors, 1 Warning(s).
Build target 'Target 1'
compiling main.c...
main.c(49): warning:  #177-D: variable "eKey" was declared but never referenced
linking...
Program Size: Code=1536 RO-data=32 RW-data=8 ZI-data=1272  
FromELF: creating hex file...
".\Serwomechanizm.axf" - 0 Errors, 1 Warning(s).
Build target 'Target 1'
compiling main.c...
main.c(49): warning:  #177-D: variable "eKey" was declared but never referenced
linking...
Program Size: Code=1556 RO-data=32 RW-data=8 ZI-data=1272  
FromELF: creating hex file...
".\Serwomechanizm.axf" - 0 Errors, 1 Warning(s).
Build target 'Target 1'
compiling main.c...
main.c(49): warning:  #177-D: variable "eKey" was declared but never referenced
linking...
Program Size: Code=1576 RO-data=32 RW-data=8 ZI-data=1272  
FromELF: creating hex file...
".\Serwomechanizm.axf" - 0 Errors, 1 Warning(s).
Build target 'Target 1'
compiling main.c...
main.c(49): warning:  #177-D: variable "eKey" was declared but never referenced
linking...
Program Size: Code=1576 RO-data=32 RW-data=8 ZI-data=1272  
FromELF: creating hex file...
".\Serwomechanizm.axf" - 0 Errors, 1 Warning(s).
Build target 'Target 1'
compiling main.c...
main.c(49): warning:  #177-D: variable "eKey" was declared but never referenced
linking...
Program Size: Code=1556 RO-data=32 RW-data=8 ZI-data=1272  
FromELF: creating hex file...
".\Serwomechanizm.axf" - 0 Errors, 1 Warning(s).
Build target 'Target 1'
compiling main.c...
main.c(49): warning:  #177-D: variable "eKey" was declared but never referenced
linking...
Program Size: Code=1556 RO-data=32 RW-data=8 ZI-data=1272  
FromELF: creating hex file...
".\Serwomechanizm.axf" - 0 Errors, 1 Warning(s).
Build target 'Target 1'
compiling main.c...
main.c(49): warning:  #177-D: variable "eKey" was declared but never referenced
linking...
Program Size: Code=1556 RO-data=32 RW-data=8 ZI-data=1272  
FromELF: creating hex file...
".\Serwomechanizm.axf" - 0 Errors, 1 Warning(s).
Build target 'Target 1'
compiling main.c...
main.c(49): warning:  #177-D: variable "eKey" was declared but never referenced
linking...
Program Size: Code=1576 RO-data=32 RW-data=8 ZI-data=1272  
FromELF: creating hex file...
".\Serwomechanizm.axf" - 0 Errors, 1 Warning(s).
Build target 'Target 1'
compiling main.c...
main.c(49): warning:  #177-D: variable "eKey" was declared but never referenced
linking...
Program Size: Code=1576 RO-data=32 RW-data=8 ZI-data=1272  
FromELF: creating hex file...
".\Serwomechanizm.axf" - 0 Errors, 1 Warning(s).
Build target 'Target 1'
compiling main.c...
main.c(61): error:  #44: expression must have pointer type
main.c(49): warning:  #177-D: variable "eKey" was declared but never referenced
".\Serwomechanizm.axf" - 1 Errors, 1 Warning(s).
Target not created
Build target 'Target 1'
compiling main.c...
main.c(61): error:  #75: operand of "*" must be a pointer
main.c(49): warning:  #177-D: variable "eKey" was declared but never referenced
".\Serwomechanizm.axf" - 1 Errors, 1 Warning(s).
Target not created
Build target 'Target 1'
compiling main.c...
main.c(49): warning:  #177-D: variable "eKey" was declared but never referenced
linking...
Program Size: Code=1576 RO-data=32 RW-data=8 ZI-data=1272  
FromELF: creating hex file...
".\Serwomechanizm.axf" - 0 Errors, 1 Warning(s).
Build target 'Target 1'
compiling main.c...
main.c(49): warning:  #177-D: variable "eKey" was declared but never referenced
linking...
Program Size: Code=1540 RO-data=32 RW-data=8 ZI-data=1256  
FromELF: creating hex file...
".\Serwomechanizm.axf" - 0 Errors, 1 Warning(s).
Build target 'Target 1'
compiling main.c...
main.c(49): warning:  #177-D: variable "eKey" was declared but never referenced
linking...
Program Size: Code=1540 RO-data=32 RW-data=8 ZI-data=1256  
FromELF: creating hex file...
".\Serwomechanizm.axf" - 0 Errors, 1 Warning(s).
Build target 'Target 1'
compiling main.c...
main.c(49): warning:  #177-D: variable "eKey" was declared but never referenced
linking...
Program Size: Code=1528 RO-data=32 RW-data=8 ZI-data=1256  
FromELF: creating hex file...
".\Serwomechanizm.axf" - 0 Errors, 1 Warning(s).
Build target 'Target 1'
compiling main.c...
main.c(49): warning:  #177-D: variable "eKey" was declared but never referenced
linking...
Program Size: Code=1532 RO-data=32 RW-data=8 ZI-data=1256  
FromELF: creating hex file...
".\Serwomechanizm.axf" - 0 Errors, 1 Warning(s).
Build target 'Target 1'
compiling main.c...
main.c(47): error:  #20: identifier "eServo" is undefined
main.c(58): warning:  #177-D: variable "eKey" was declared but never referenced
".\Serwomechanizm.axf" - 1 Errors, 1 Warning(s).
Target not created
Build target 'Target 1'
compiling main.c...
main.c(47): error:  #20: identifier "eServo" is undefined
main.c(58): warning:  #177-D: variable "eKey" was declared but never referenced
".\Serwomechanizm.axf" - 1 Errors, 1 Warning(s).
Target not created
Build target 'Target 1'
compiling main.c...
main.c(59): warning:  #177-D: variable "eKey" was declared but never referenced
linking...
Program Size: Code=1640 RO-data=32 RW-data=8 ZI-data=1272  
FromELF: creating hex file...
".\Serwomechanizm.axf" - 0 Errors, 1 Warning(s).
Build target 'Target 1'
compiling main.c...
main.c(59): warning:  #177-D: variable "eKey" was declared but never referenced
linking...
Program Size: Code=1592 RO-data=32 RW-data=8 ZI-data=1272  
FromELF: creating hex file...
".\Serwomechanizm.axf" - 0 Errors, 1 Warning(s).
Build target 'Target 1'
compiling main.c...
main.c(59): warning:  #177-D: variable "eKey" was declared but never referenced
linking...
Program Size: Code=1752 RO-data=32 RW-data=8 ZI-data=1272  
FromELF: creating hex file...
".\Serwomechanizm.axf" - 0 Errors, 1 Warning(s).
Build target 'Target 1'
compiling main.c...
linking...
Program Size: Code=2048 RO-data=32 RW-data=16 ZI-data=1272  
FromELF: creating hex file...
".\Serwomechanizm.axf" - 0 Errors, 0 Warning(s).
Build target 'Target 1'
compiling main.c...
linking...
Program Size: Code=2004 RO-data=32 RW-data=16 ZI-data=1272  
FromELF: creating hex file...
".\Serwomechanizm.axf" - 0 Errors, 0 Warning(s).
Build target 'Target 1'
compiling main.c...
linking...
Program Size: Code=2024 RO-data=32 RW-data=16 ZI-data=1272  
FromELF: creating hex file...
".\Serwomechanizm.axf" - 0 Errors, 0 Warning(s).
Build target 'Target 1'
compiling main.c...
main.c(59): warning:  #177-D: variable "eKey" was declared but never referenced
linking...
Program Size: Code=2000 RO-data=32 RW-data=8 ZI-data=1272  
FromELF: creating hex file...
".\Serwomechanizm.axf" - 0 Errors, 1 Warning(s).
Build target 'Target 1'
compiling main.c...
main.c(59): warning:  #177-D: variable "eKey" was declared but never referenced
linking...
Program Size: Code=2004 RO-data=32 RW-data=8 ZI-data=1272  
FromELF: creating hex file...
".\Serwomechanizm.axf" - 0 Errors, 1 Warning(s).
Build target 'Target 1'
compiling main.c...
main.c(83): warning:  #177-D: variable "eKey" was declared but never referenced
linking...
Program Size: Code=2528 RO-data=32 RW-data=8 ZI-data=1272  
FromELF: creating hex file...
".\Serwomechanizm.axf" - 0 Errors, 1 Warning(s).
Build target 'Target 1'
compiling main.c...
main.c(56): error:  #65: expected a ";"
main.c(102): warning:  #12-D: parsing restarts here after previous syntax error
main.c(103): error:  #169: expected a declaration
main.c(119): warning:  #12-D: parsing restarts here after previous syntax error
main.c(120): error:  #169: expected a declaration
main.c(131): warning:  #12-D: parsing restarts here after previous syntax error
main.c(132): error:  #169: expected a declaration
main.c(134): warning: At end of source:  #12-D: parsing restarts here after previous syntax error
".\Serwomechanizm.axf" - 4 Errors, 4 Warning(s).
Target not created
Build target 'Target 1'
compiling main.c...
main.c(61): warning:  #223-D: function "ServoCallib" declared implicitly
main.c(64): error:  #159: declaration is incompatible with previous "ServoCallib" (declared at line 61)
main.c(83): warning:  #177-D: variable "eKey" was declared but never referenced
".\Serwomechanizm.axf" - 1 Errors, 2 Warning(s).
Target not created
Build target 'Target 1'
compiling main.c...
main.c(84): warning:  #177-D: variable "eKey" was declared but never referenced
linking...
Program Size: Code=2552 RO-data=32 RW-data=24 ZI-data=1272  
FromELF: creating hex file...
".\Serwomechanizm.axf" - 0 Errors, 1 Warning(s).
Build target 'Target 1'
compiling main.c...
main.c(84): error:  #20: identifier "uiDelay" is undefined
main.c(87): error:  #20: identifier "uiDelay" is undefined
main.c(135): warning:  #127-D: expected a statement
main.c(96): warning:  #177-D: variable "eKey" was declared but never referenced
".\Serwomechanizm.axf" - 2 Errors, 2 Warning(s).
Target not created
Build target 'Target 1'
compiling main.c...
main.c(135): warning:  #127-D: expected a statement
main.c(96): warning:  #177-D: variable "eKey" was declared but never referenced
linking...
Program Size: Code=2584 RO-data=32 RW-data=24 ZI-data=1272  
FromELF: creating hex file...
".\Serwomechanizm.axf" - 0 Errors, 2 Warning(s).
Build target 'Target 1'
compiling main.c...
main.c(125): warning:  #127-D: expected a statement
main.c(97): warning:  #177-D: variable "eKey" was declared but never referenced
main.c(98): warning:  #177-D: variable "uiDelay" was declared but never referenced
linking...
Program Size: Code=2144 RO-data=32 RW-data=24 ZI-data=1272  
FromELF: creating hex file...
".\Serwomechanizm.axf" - 0 Errors, 3 Warning(s).
Build target 'Target 1'
compiling main.c...
main.c(125): warning:  #127-D: expected a statement
main.c(97): warning:  #177-D: variable "eKey" was declared but never referenced
main.c(98): warning:  #177-D: variable "uiDelay" was declared but never referenced
linking...
Program Size: Code=2500 RO-data=32 RW-data=24 ZI-data=1272  
FromELF: creating hex file...
".\Serwomechanizm.axf" - 0 Errors, 3 Warning(s).
Build target 'Target 1'
compiling main.c...
main.c(97): warning:  #177-D: variable "eKey" was declared but never referenced
main.c(98): warning:  #177-D: variable "uiDelay" was declared but never referenced
linking...
Program Size: Code=2524 RO-data=32 RW-data=24 ZI-data=1272  
FromELF: creating hex file...
".\Serwomechanizm.axf" - 0 Errors, 2 Warning(s).
Build target 'Target 1'
compiling main.c...
main.c(97): warning:  #177-D: variable "eKey" was declared but never referenced
main.c(98): warning:  #177-D: variable "uiDelay" was declared but never referenced
linking...
Program Size: Code=2508 RO-data=32 RW-data=24 ZI-data=1272  
FromELF: creating hex file...
".\Serwomechanizm.axf" - 0 Errors, 2 Warning(s).
Build target 'Target 1'
compiling main.c...
main.c(97): warning:  #177-D: variable "eKey" was declared but never referenced
linking...
Program Size: Code=2504 RO-data=32 RW-data=24 ZI-data=1272  
FromELF: creating hex file...
".\Serwomechanizm.axf" - 0 Errors, 1 Warning(s).
Build target 'Target 1'
compiling main.c...
linking...
Program Size: Code=2504 RO-data=32 RW-data=24 ZI-data=1272  
FromELF: creating hex file...
".\Serwomechanizm.axf" - 0 Errors, 0 Warning(s).
Build target 'Target 1'
compiling main.c...
linking...
Program Size: Code=2504 RO-data=32 RW-data=24 ZI-data=1272  
FromELF: creating hex file...
".\Serwomechanizm.axf" - 0 Errors, 0 Warning(s).
Build target 'Target 1'
compiling main.c...
main.c(71): warning:  #177-D: variable "eKey" was declared but never referenced
linking...
Program Size: Code=2016 RO-data=32 RW-data=8 ZI-data=1272  
FromELF: creating hex file...
".\Serwomechanizm.axf" - 0 Errors, 1 Warning(s).
Build target 'Target 1'
compiling main.c...
linking...
Program Size: Code=2016 RO-data=32 RW-data=8 ZI-data=1272  
FromELF: creating hex file...
".\Serwomechanizm.axf" - 0 Errors, 0 Warning(s).
Build target 'Target 1'
compiling main.c...
main.c(58): error:  #20: identifier "uiDelay" is undefined
".\Serwomechanizm.axf" - 1 Errors, 0 Warning(s).
Target not created
Build target 'Target 1'
compiling main.c...
linking...
Program Size: Code=2476 RO-data=32 RW-data=12 ZI-data=1268  
FromELF: creating hex file...
".\Serwomechanizm.axf" - 0 Errors, 0 Warning(s).
Build target 'Target 1'
compiling main.c...
main.c(60): warning:  #223-D: function "ServoCallib" declared implicitly
main.c(63): error:  #159: declaration is incompatible with previous "ServoCallib" (declared at line 60)
".\Serwomechanizm.axf" - 1 Errors, 1 Warning(s).
Target not created
Build target 'Target 1'
compiling main.c...
linking...
Program Size: Code=2540 RO-data=32 RW-data=12 ZI-data=1268  
FromELF: creating hex file...
".\Serwomechanizm.axf" - 0 Errors, 0 Warning(s).
Build target 'Target 1'
compiling main.c...
main.c(61): error:  #116: a break statement may only be used within a loop or switch
".\Serwomechanizm.axf" - 1 Errors, 0 Warning(s).
Target not created
Build target 'Target 1'
compiling main.c...
main.c(57): error:  #29: expected an expression
".\Serwomechanizm.axf" - 1 Errors, 0 Warning(s).
Target not created
Build target 'Target 1'
compiling main.c...
linking...
Program Size: Code=2528 RO-data=32 RW-data=12 ZI-data=1268  
FromELF: creating hex file...
".\Serwomechanizm.axf" - 0 Errors, 0 Warning(s).
Build target 'Target 1'
compiling main.c...
linking...
Program Size: Code=2528 RO-data=32 RW-data=12 ZI-data=1268  
FromELF: creating hex file...
".\Serwomechanizm.axf" - 0 Errors, 0 Warning(s).
Build target 'Target 1'
compiling main.c...
linking...
Program Size: Code=2528 RO-data=32 RW-data=12 ZI-data=1268  
FromELF: creating hex file...
".\Serwomechanizm.axf" - 0 Errors, 0 Warning(s).
Build target 'Target 1'
compiling main.c...
linking...
Program Size: Code=2016 RO-data=32 RW-data=8 ZI-data=1272  
FromELF: creating hex file...
".\Serwomechanizm.axf" - 0 Errors, 0 Warning(s).
Build target 'Target 1'
compiling main.c...
linking...
Program Size: Code=2492 RO-data=32 RW-data=12 ZI-data=1268  
FromELF: creating hex file...
".\Serwomechanizm.axf" - 0 Errors, 0 Warning(s).
Build target 'Target 1'
linking...
Program Size: Code=2492 RO-data=32 RW-data=12 ZI-data=1268  
FromELF: creating hex file...
".\Serwomechanizm.axf" - 0 Errors, 0 Warning(s).
Build target 'Target 1'
compiling main.c...
linking...
Program Size: Code=2492 RO-data=32 RW-data=12 ZI-data=1268  
FromELF: creating hex file...
".\Serwomechanizm.axf" - 0 Errors, 0 Warning(s).
Build target 'Target 1'
compiling main.c...
linking...
Program Size: Code=2036 RO-data=32 RW-data=12 ZI-data=1268  
FromELF: creating hex file...
".\Serwomechanizm.axf" - 0 Errors, 0 Warning(s).
Build target 'Target 1'
compiling main.c...
linking...
Program Size: Code=2488 RO-data=32 RW-data=12 ZI-data=1268  
FromELF: creating hex file...
".\Serwomechanizm.axf" - 0 Errors, 0 Warning(s).
Build target 'Target 1'
compiling main.c...
linking...
Program Size: Code=2488 RO-data=32 RW-data=12 ZI-data=1268  
FromELF: creating hex file...
".\Serwomechanizm.axf" - 0 Errors, 0 Warning(s).
Build target 'Target 1'
compiling main.c...
linking...
Program Size: Code=2488 RO-data=32 RW-data=12 ZI-data=1268  
FromELF: creating hex file...
".\Serwomechanizm.axf" - 0 Errors, 0 Warning(s).
Build target 'Target 1'
compiling main.c...
linking...
Program Size: Code=2560 RO-data=32 RW-data=12 ZI-data=1268  
FromELF: creating hex file...
".\Serwomechanizm.axf" - 0 Errors, 0 Warning(s).
Build target 'Target 1'
compiling main.c...
linking...
Program Size: Code=2536 RO-data=32 RW-data=12 ZI-data=1268  
FromELF: creating hex file...
".\Serwomechanizm.axf" - 0 Errors, 0 Warning(s).
Build target 'Target 1'
compiling main.c...
linking...
Program Size: Code=2536 RO-data=32 RW-data=12 ZI-data=1268  
FromELF: creating hex file...
".\Serwomechanizm.axf" - 0 Errors, 0 Warning(s).
Build target 'Target 1'
compiling main.c...
linking...
Program Size: Code=2480 RO-data=32 RW-data=12 ZI-data=1268  
FromELF: creating hex file...
".\Serwomechanizm.axf" - 0 Errors, 0 Warning(s).
Build target 'Target 1'
compiling main.c...
linking...
Program Size: Code=2492 RO-data=32 RW-data=12 ZI-data=1268  
FromELF: creating hex file...
".\Serwomechanizm.axf" - 0 Errors, 0 Warning(s).
Build target 'Target 1'
compiling main.c...
linking...
Program Size: Code=2512 RO-data=32 RW-data=12 ZI-data=1268  
FromELF: creating hex file...
".\Serwomechanizm.axf" - 0 Errors, 0 Warning(s).
Build target 'Target 1'
compiling main.c...
linking...
Program Size: Code=2520 RO-data=32 RW-data=12 ZI-data=1268  
FromELF: creating hex file...
".\Serwomechanizm.axf" - 0 Errors, 0 Warning(s).
Build target 'Target 1'
compiling main.c...
linking...
Program Size: Code=2520 RO-data=32 RW-data=12 ZI-data=1268  
FromELF: creating hex file...
".\Serwomechanizm.axf" - 0 Errors, 0 Warning(s).
Build target 'Target 1'
compiling main.c...
main.c(12): error:  #20: identifier "eServo" is undefined
".\Serwomechanizm.axf" - 1 Errors, 0 Warning(s).
Target not created
Build target 'Target 1'
compiling main.c...
main.c(12): error:  #20: identifier "eServo" is undefined
".\Serwomechanizm.axf" - 1 Errors, 0 Warning(s).
Target not created
Build target 'Target 1'
compiling main.c...
main.c(12): error:  #20: identifier "eServo" is undefined
".\Serwomechanizm.axf" - 1 Errors, 0 Warning(s).
Target not created
Build target 'Target 1'
compiling main.c...
linking...
.\Serwomechanizm.axf: Error: L6218E: Undefined symbol ServoCallib (referred from main.o).
.\Serwomechanizm.axf: Error: L6218E: Undefined symbol ServoGoTo (referred from main.o).
.\Serwomechanizm.axf: Error: L6218E: Undefined symbol ServoInit (referred from main.o).
".\Serwomechanizm.axf" - 3 Errors, 0 Warning(s).
Target not created
Build target 'Target 1'
compiling main.c...
main.c(12): error:  #20: identifier "eServo" is undefined
".\Serwomechanizm.axf" - 1 Errors, 0 Warning(s).
Target not created
Build target 'Target 1'
compiling main.c...
linking...
.\Serwomechanizm.axf: Error: L6218E: Undefined symbol ServoCallib (referred from main.o).
.\Serwomechanizm.axf: Error: L6218E: Undefined symbol ServoGoTo (referred from main.o).
.\Serwomechanizm.axf: Error: L6218E: Undefined symbol ServoInit (referred from main.o).
".\Serwomechanizm.axf" - 3 Errors, 0 Warning(s).
Target not created
Build target 'Target 1'
compiling main.c...
main.c(12): error:  #20: identifier "eServo" is undefined
compiling servo.c...
servo.c(15): error:  #97: a function may not return a value of this type
servo.c(18): error:  #20: identifier "ACTIVE" is undefined
servo.c(21): error:  #20: identifier "INACTIVE" is undefined
servo.c(26): warning:  #223-D: function "LedStepLeft" declared implicitly
servo.c(27): error:  #70: incomplete type is not allowed
servo.c(31): warning:  #223-D: function "LedStepRight" declared implicitly
servo.c(32): error:  #70: incomplete type is not allowed
servo.c(37): error:  #20: identifier "ACTIVE" is undefined
servo.c(38): error:  #70: incomplete type is not allowed
servo.c(39): error:  #70: incomplete type is not allowed
servo.c(40): warning:  #223-D: function "Timer0Interrupts_End" declared implicitly
servo.c(44): warning:  #223-D: function "Timer0Interrupts_Init" declared implicitly
servo.c(44): error:  #20: identifier "uiDelay" is undefined
servo.c(44): error:  #20: identifier "LedStepLeft" is undefined
servo.c(50): error:  #20: identifier "uiDelay" is undefined
servo.c(51): warning:  #223-D: function "LedInit" declared implicitly
servo.c(57): error:  #70: incomplete type is not allowed
servo.c(59): error:  #70: incomplete type is not allowed
servo.c(59): error:  #70: incomplete type is not allowed
servo.c(60): warning:  #223-D: function "Timer0Interrupts_End" declared implicitly
servo.c(63): error:  #70: incomplete type is not allowed
servo.c(63): error:  #70: incomplete type is not allowed
servo.c(64): warning:  #223-D: function "Timer0Interrupts_Init" declared implicitly
servo.c(64): error:  #20: identifier "uiDelay" is undefined
servo.c(67): warning:  #223-D: function "Timer0Interrupts_Init" declared implicitly
servo.c(67): error:  #20: identifier "uiDelay" is undefined
servo.c(8): error:  #235: variable "eServo" was declared with a never-completed type
".\Serwomechanizm.axf" - 20 Errors, 8 Warning(s).
Target not created
Build target 'Target 1'
compiling main.c...
main.c(12): error:  #20: identifier "eServo" is undefined
compiling servo.c...
servo.c(28): warning:  #223-D: function "LedStepLeft" declared implicitly
servo.c(33): warning:  #223-D: function "LedStepRight" declared implicitly
servo.c(42): warning:  #223-D: function "Timer0Interrupts_End" declared implicitly
servo.c(46): warning:  #223-D: function "Timer0Interrupts_Init" declared implicitly
servo.c(46): error:  #20: identifier "LedStepLeft" is undefined
servo.c(53): warning:  #223-D: function "LedInit" declared implicitly
servo.c(62): warning:  #223-D: function "Timer0Interrupts_End" declared implicitly
servo.c(66): warning:  #223-D: function "Timer0Interrupts_Init" declared implicitly
servo.c(69): warning:  #223-D: function "Timer0Interrupts_Init" declared implicitly
servo.h(5): error:  #235: variable "eKye" was declared with a never-completed type
".\Serwomechanizm.axf" - 3 Errors, 8 Warning(s).
Target not created
Build target 'Target 1'
compiling main.c...
main.c(12): error:  #20: identifier "eServo" is undefined
compiling servo.c...
servo.c(43): warning:  #223-D: function "Timer0Interrupts_End" declared implicitly
servo.c(47): warning:  #223-D: function "Timer0Interrupts_Init" declared implicitly
servo.c(63): warning:  #223-D: function "Timer0Interrupts_End" declared implicitly
servo.c(67): warning:  #223-D: function "Timer0Interrupts_Init" declared implicitly
servo.c(70): warning:  #223-D: function "Timer0Interrupts_Init" declared implicitly
servo.h(5): error:  #235: variable "eKye" was declared with a never-completed type
".\Serwomechanizm.axf" - 2 Errors, 5 Warning(s).
Target not created
Build target 'Target 1'
compiling main.c...
main.c(12): error:  #20: identifier "eServo" is undefined
compiling servo.c...
servo.h(5): error:  #235: variable "eKye" was declared with a never-completed type
".\Serwomechanizm.axf" - 2 Errors, 0 Warning(s).
Target not created
Build target 'Target 1'
compiling main.c...
main.c(12): error:  #20: identifier "eServo" is undefined
compiling servo.c...
".\Serwomechanizm.axf" - 1 Errors, 0 Warning(s).
Target not created
Build target 'Target 1'
compiling main.c...
compiling servo.c...
linking...
.\Serwomechanizm.axf: Error: L6200E: Symbol eServo multiply defined (by servo.o and main.o).
.\Serwomechanizm.axf: Error: L6200E: Symbol uiDelay multiply defined (by servo.o and main.o).
".\Serwomechanizm.axf" - 2 Errors, 0 Warning(s).
Target not created
Build target 'Target 1'
compiling servo.c...
linking...
.\Serwomechanizm.axf: Error: L6200E: Symbol eServo multiply defined (by servo.o and main.o).
.\Serwomechanizm.axf: Error: L6200E: Symbol uiDelay multiply defined (by servo.o and main.o).
".\Serwomechanizm.axf" - 2 Errors, 0 Warning(s).
Target not created
Build target 'Target 1'
compiling main.c...
main.c(12): error:  #20: identifier "eServo" is undefined
compiling servo.c...
".\Serwomechanizm.axf" - 1 Errors, 0 Warning(s).
Target not created
Build target 'Target 1'
compiling main.c...
compiling servo.c...
linking...
.\Serwomechanizm.axf: Error: L6200E: Symbol eServo multiply defined (by servo.o and main.o).
".\Serwomechanizm.axf" - 1 Errors, 0 Warning(s).
Target not created
Build target 'Target 1'
compiling main.c...
main.c(12): error:  #20: identifier "eServo" is undefined
compiling servo.c...
servo.c(32): error:  #20: identifier "eServo" is undefined
servo.c(37): error:  #20: identifier "eServo" is undefined
servo.c(43): error:  #20: identifier "eServo" is undefined
servo.c(62): error:  #20: identifier "eServo" is undefined
".\Serwomechanizm.axf" - 5 Errors, 0 Warning(s).
Target not created
Build target 'Target 1'
compiling main.c...
main.c(12): error:  #20: identifier "eServo" is undefined
compiling servo.c...
".\Serwomechanizm.axf" - 1 Errors, 0 Warning(s).
Target not created
Build target 'Target 1'
compiling main.c...
main.c(12): error:  #20: identifier "eServo" is undefined
".\Serwomechanizm.axf" - 1 Errors, 0 Warning(s).
Target not created
Build target 'Target 1'
compiling main.c...
main.c(1): error:  #40: expected an identifier
main.c(14): error:  #20: identifier "eServo" is undefined
compiling servo.c...
".\Serwomechanizm.axf" - 2 Errors, 0 Warning(s).
Target not created
Build target 'Target 1'
compiling main.c...
main.c(1): warning:  #14-D: extra text after expected end of preprocessing directive
main.c(14): error:  #20: identifier "eServo" is undefined
".\Serwomechanizm.axf" - 1 Errors, 1 Warning(s).
Target not created
Build target 'Target 1'
compiling main.c...
main.c(1): error:  #40: expected an identifier
main.c(14): error:  #20: identifier "eServo" is undefined
".\Serwomechanizm.axf" - 2 Errors, 0 Warning(s).
Target not created
Build target 'Target 1'
compiling main.c...
main.c(14): error:  #20: identifier "eServo" is undefined
".\Serwomechanizm.axf" - 1 Errors, 0 Warning(s).
Target not created
Build target 'Target 1'
compiling main.c...
main.c(16): error:  #20: identifier "eServo" is undefined
main.c(6): error:  #37: the #endif for this directive is missing
".\Serwomechanizm.axf" - 2 Errors, 0 Warning(s).
Target not created
Build target 'Target 1'
compiling main.c...
main.c(16): error:  #20: identifier "eServo" is undefined
".\Serwomechanizm.axf" - 1 Errors, 0 Warning(s).
Target not created
Build target 'Target 1'
compiling main.c...
compiling servo.c...
linking...
.\Serwomechanizm.axf: Error: L6200E: Symbol eServo multiply defined (by servo.o and main.o).
".\Serwomechanizm.axf" - 1 Errors, 0 Warning(s).
Target not created
Build target 'Target 1'
compiling main.c...
compiling servo.c...
linking...
.\Serwomechanizm.axf: Error: L6200E: Symbol eServo multiply defined (by servo.o and main.o).
".\Serwomechanizm.axf" - 1 Errors, 0 Warning(s).
Target not created
Build target 'Target 1'
compiling main.c...
linking...
.\Serwomechanizm.axf: Error: L6200E: Symbol eServo multiply defined (by servo.o and main.o).
".\Serwomechanizm.axf" - 1 Errors, 0 Warning(s).
Target not created
Build target 'Target 1'
compiling main.c...
compiling servo.c...
linking...
.\Serwomechanizm.axf: Error: L6200E: Symbol eServo multiply defined (by servo.o and main.o).
".\Serwomechanizm.axf" - 1 Errors, 0 Warning(s).
Target not created
Build target 'Target 1'
compiling main.c...
compiling servo.c...
linking...
.\Serwomechanizm.axf: Error: L6200E: Symbol eServo multiply defined (by servo.o and main.o).
".\Serwomechanizm.axf" - 1 Errors, 0 Warning(s).
Target not created
Build target 'Target 1'
compiling servo.c...
linking...
.\Serwomechanizm.axf: Error: L6200E: Symbol eServo multiply defined (by servo.o and main.o).
".\Serwomechanizm.axf" - 1 Errors, 0 Warning(s).
Target not created
Build target 'Target 1'
compiling main.c...
compiling servo.c...
linking...
.\Serwomechanizm.axf: Error: L6200E: Symbol eServo multiply defined (by servo.o and main.o).
".\Serwomechanizm.axf" - 1 Errors, 0 Warning(s).
Target not created
Build target 'Target 1'
compiling main.c...
compiling servo.c...
linking...
Program Size: Code=2524 RO-data=32 RW-data=12 ZI-data=1284  
FromELF: creating hex file...
".\Serwomechanizm.axf" - 0 Errors, 0 Warning(s).
Build target 'Target 1'
compiling main.c...
compiling servo.c...
linking...
Program Size: Code=2524 RO-data=32 RW-data=12 ZI-data=1284  
FromELF: creating hex file...
".\Serwomechanizm.axf" - 0 Errors, 0 Warning(s).
