<html>
<body>
<pre>
<h1>µVision Build Log</h1>
<h2>Project:</h2>
C:\Users\Michal_Jez\Documents\Programing_uC_ARM_in_C\Current\Serwomechanizm.uvproj
Project File Date:  12/29/2017

<h2>Output:</h2>
Build target 'Target 1'
assembling Startup.s...
linking...
.\Serwomechanizm.axf: Warning: L6665W: Neither Lib$$Request$$armlib Lib$$Request$$cpplib defined, not searching ARM libraries.
.\Serwomechanizm.axf: Error: L6411E: No compatible library exists with a definition of startup symbol __main.
".\Serwomechanizm.axf" - 1 Errors, 1 Warning(s).
Target not created
Build target 'Target 1'
linking...
.\Serwomechanizm.axf: Warning: L6665W: Neither Lib$$Request$$armlib Lib$$Request$$cpplib defined, not searching ARM libraries.
.\Serwomechanizm.axf: Error: L6411E: No compatible library exists with a definition of startup symbol __main.
".\Serwomechanizm.axf" - 1 Errors, 1 Warning(s).
Target not created
Build target 'Target 1'
linking...
.\Serwomechanizm.axf: Warning: L6665W: Neither Lib$$Request$$armlib Lib$$Request$$cpplib defined, not searching ARM libraries.
.\Serwomechanizm.axf: Error: L6411E: No compatible library exists with a definition of startup symbol __main.
".\Serwomechanizm.axf" - 1 Errors, 1 Warning(s).
Target not created
Build target 'Target 1'
compiling main.c...
main.c(35): warning:  #1-D: last line of file ends without a newline
linking...
Program Size: Code=892 RO-data=16 RW-data=0 ZI-data=1256  
FromELF: creating hex file...
".\Serwomechanizm.axf" - 0 Errors, 1 Warning(s).
Build target 'Target 1'
compiling main.c...
linking...
Program Size: Code=892 RO-data=16 RW-data=0 ZI-data=1256  
FromELF: creating hex file...
".\Serwomechanizm.axf" - 0 Errors, 0 Warning(s).
Build target 'Target 1'
compiling main.c...
linking...
Program Size: Code=1020 RO-data=16 RW-data=0 ZI-data=1256  
FromELF: creating hex file...
".\Serwomechanizm.axf" - 0 Errors, 0 Warning(s).
Build target 'Target 1'
compiling main.c...
linking...
Program Size: Code=1028 RO-data=16 RW-data=0 ZI-data=1256  
FromELF: creating hex file...
".\Serwomechanizm.axf" - 0 Errors, 0 Warning(s).
Build target 'Target 1'
compiling main.c...
main.c(17): error:  #97: a function may not return a value of this type
".\Serwomechanizm.axf" - 1 Errors, 0 Warning(s).
Target not created
Build target 'Target 1'
compiling main.c...
main.c(17): error:  #97: a function may not return a value of this type
".\Serwomechanizm.axf" - 1 Errors, 0 Warning(s).
Target not created
Build target 'Target 1'
compiling main.c...
linking...
Program Size: Code=1072 RO-data=16 RW-data=0 ZI-data=1256  
FromELF: creating hex file...
".\Serwomechanizm.axf" - 0 Errors, 0 Warning(s).
Build target 'Target 1'
compiling main.c...
linking...
Program Size: Code=1076 RO-data=16 RW-data=0 ZI-data=1256  
FromELF: creating hex file...
".\Serwomechanizm.axf" - 0 Errors, 0 Warning(s).
Build target 'Target 1'
compiling main.c...
main.c(31): error:  #20: identifier "ucCoil" is undefined
main.c(34): warning:  #223-D: function "Delay" declared implicitly
main.c(34): error:  #20: identifier "Delay_ON" is undefined
main.c(36): error:  #20: identifier "Delay_OFF" is undefined
main.c(60): error:  #159: declaration is incompatible with previous "Delay" (declared at line 34)
".\Serwomechanizm.axf" - 4 Errors, 1 Warning(s).
Target not created
Build target 'Target 1'
compiling main.c...
main.c(33): error:  #20: identifier "ucCoil" is undefined
main.c(36): warning:  #223-D: function "Delay" declared implicitly
main.c(62): error:  #159: declaration is incompatible with previous "Delay" (declared at line 36)
".\Serwomechanizm.axf" - 2 Errors, 1 Warning(s).
Target not created
Build target 'Target 1'
compiling main.c...
main.c(36): warning:  #223-D: function "Delay" declared implicitly
main.c(62): error:  #159: declaration is incompatible with previous "Delay" (declared at line 36)
".\Serwomechanizm.axf" - 1 Errors, 1 Warning(s).
Target not created
Build target 'Target 1'
compiling main.c...
linking...
Program Size: Code=1252 RO-data=32 RW-data=4 ZI-data=1260  
FromELF: creating hex file...
".\Serwomechanizm.axf" - 0 Errors, 0 Warning(s).
Build target 'Target 1'
compiling main.c...
main.c(80): error:  #65: expected a ";"
".\Serwomechanizm.axf" - 1 Errors, 0 Warning(s).
Target not created
Build target 'Target 1'
compiling main.c...
linking...
Program Size: Code=1284 RO-data=32 RW-data=4 ZI-data=1260  
FromELF: creating hex file...
".\Serwomechanizm.axf" - 0 Errors, 0 Warning(s).
Build target 'Target 1'
compiling main.c...
linking...
Program Size: Code=1284 RO-data=32 RW-data=4 ZI-data=1260  
FromELF: creating hex file...
".\Serwomechanizm.axf" - 0 Errors, 0 Warning(s).
Build target 'Target 1'
compiling main.c...
linking...
Program Size: Code=1284 RO-data=32 RW-data=4 ZI-data=1260  
FromELF: creating hex file...
".\Serwomechanizm.axf" - 0 Errors, 0 Warning(s).
Build target 'Target 1'
compiling main.c...
linking...
Program Size: Code=1304 RO-data=32 RW-data=4 ZI-data=1260  
FromELF: creating hex file...
".\Serwomechanizm.axf" - 0 Errors, 0 Warning(s).
Build target 'Target 1'
compiling main.c...
linking...
Program Size: Code=1304 RO-data=32 RW-data=4 ZI-data=1260  
FromELF: creating hex file...
".\Serwomechanizm.axf" - 0 Errors, 0 Warning(s).
Build target 'Target 1'
compiling main.c...
linking...
Program Size: Code=1316 RO-data=32 RW-data=4 ZI-data=1260  
FromELF: creating hex file...
".\Serwomechanizm.axf" - 0 Errors, 0 Warning(s).
Build target 'Target 1'
compiling main.c...
linking...
Program Size: Code=1308 RO-data=32 RW-data=4 ZI-data=1260  
FromELF: creating hex file...
".\Serwomechanizm.axf" - 0 Errors, 0 Warning(s).
Build target 'Target 1'
compiling main.c...
linking...
Program Size: Code=1304 RO-data=32 RW-data=4 ZI-data=1260  
FromELF: creating hex file...
".\Serwomechanizm.axf" - 0 Errors, 0 Warning(s).
Build target 'Target 1'
compiling main.c...
main.c(79): error:  #29: expected an expression
main.c(83): warning:  #12-D: parsing restarts here after previous syntax error
main.c(83): error:  #65: expected a ";"
".\Serwomechanizm.axf" - 2 Errors, 1 Warning(s).
Target not created
Build target 'Target 1'
compiling main.c...
linking...
Program Size: Code=1312 RO-data=32 RW-data=4 ZI-data=1260  
FromELF: creating hex file...
".\Serwomechanizm.axf" - 0 Errors, 0 Warning(s).
Build target 'Target 1'
compiling main.c...
linking...
Program Size: Code=1324 RO-data=32 RW-data=4 ZI-data=1260  
FromELF: creating hex file...
".\Serwomechanizm.axf" - 0 Errors, 0 Warning(s).
Build target 'Target 1'
compiling main.c...
linking...
Program Size: Code=1316 RO-data=32 RW-data=4 ZI-data=1260  
FromELF: creating hex file...
".\Serwomechanizm.axf" - 0 Errors, 0 Warning(s).
Build target 'Target 1'
compiling main.c...
linking...
Program Size: Code=1352 RO-data=32 RW-data=4 ZI-data=1260  
FromELF: creating hex file...
".\Serwomechanizm.axf" - 0 Errors, 0 Warning(s).
Build target 'Target 1'
compiling main.c...
main.c(93): error:  #165: too few arguments in function call
main.c(97): error:  #165: too few arguments in function call
".\Serwomechanizm.axf" - 2 Errors, 0 Warning(s).
Target not created
Build target 'Target 1'
compiling main.c...
linking...
Program Size: Code=1408 RO-data=32 RW-data=4 ZI-data=1260  
FromELF: creating hex file...
".\Serwomechanizm.axf" - 0 Errors, 0 Warning(s).
Build target 'Target 1'
compiling main.c...
linking...
Program Size: Code=1408 RO-data=32 RW-data=4 ZI-data=1260  
FromELF: creating hex file...
".\Serwomechanizm.axf" - 0 Errors, 0 Warning(s).
Build target 'Target 1'
compiling main.c...
main.c(82): warning:  #177-D: variable "x" was declared but never referenced
linking...
Program Size: Code=1368 RO-data=32 RW-data=4 ZI-data=1260  
FromELF: creating hex file...
".\Serwomechanizm.axf" - 0 Errors, 1 Warning(s).
Build target 'Target 1'
compiling main.c...
main.c(81): warning:  #177-D: variable "x" was declared but never referenced
linking...
Program Size: Code=1332 RO-data=32 RW-data=8 ZI-data=1256  
FromELF: creating hex file...
".\Serwomechanizm.axf" - 0 Errors, 1 Warning(s).
Build target 'Target 1'
compiling main.c...
main.c(81): warning:  #177-D: variable "x" was declared but never referenced
linking...
Program Size: Code=1332 RO-data=32 RW-data=8 ZI-data=1256  
FromELF: creating hex file...
".\Serwomechanizm.axf" - 0 Errors, 1 Warning(s).
Build target 'Target 1'
compiling main.c...
main.c(81): warning:  #177-D: variable "x" was declared but never referenced
linking...
Program Size: Code=1332 RO-data=32 RW-data=8 ZI-data=1256  
FromELF: creating hex file...
".\Serwomechanizm.axf" - 0 Errors, 1 Warning(s).
Build target 'Target 1'
compiling main.c...
main.c(81): warning:  #177-D: variable "x" was declared but never referenced
linking...
Program Size: Code=1332 RO-data=32 RW-data=8 ZI-data=1256  
FromELF: creating hex file...
".\Serwomechanizm.axf" - 0 Errors, 1 Warning(s).
Build target 'Target 1'
compiling main.c...
linking...
Program Size: Code=1316 RO-data=32 RW-data=8 ZI-data=1256  
FromELF: creating hex file...
".\Serwomechanizm.axf" - 0 Errors, 0 Warning(s).
Build target 'Target 1'
compiling main.c...
linking...
Program Size: Code=1316 RO-data=32 RW-data=8 ZI-data=1256  
FromELF: creating hex file...
".\Serwomechanizm.axf" - 0 Errors, 0 Warning(s).
Build target 'Target 1'
compiling main.c...
linking...
Program Size: Code=1316 RO-data=32 RW-data=8 ZI-data=1256  
FromELF: creating hex file...
".\Serwomechanizm.axf" - 0 Errors, 0 Warning(s).
Build target 'Target 1'
compiling main.c...
main.c(12): warning:  #69-D: integer conversion resulted in truncation
main.c(12): warning:  #69-D: integer conversion resulted in truncation
linking...
Program Size: Code=1316 RO-data=32 RW-data=8 ZI-data=1256  
FromELF: creating hex file...
".\Serwomechanizm.axf" - 0 Errors, 2 Warning(s).
Build target 'Target 1'
compiling main.c...
linking...
Program Size: Code=1316 RO-data=32 RW-data=12 ZI-data=1260  
FromELF: creating hex file...
".\Serwomechanizm.axf" - 0 Errors, 0 Warning(s).
Build target 'Target 1'
compiling main.c...
linking...
Program Size: Code=1316 RO-data=32 RW-data=12 ZI-data=1260  
FromELF: creating hex file...
".\Serwomechanizm.axf" - 0 Errors, 0 Warning(s).
Build target 'Target 1'
compiling main.c...
linking...
Program Size: Code=1332 RO-data=32 RW-data=12 ZI-data=1260  
FromELF: creating hex file...
".\Serwomechanizm.axf" - 0 Errors, 0 Warning(s).
Build target 'Target 1'
compiling main.c...
linking...
Program Size: Code=1340 RO-data=32 RW-data=12 ZI-data=1260  
FromELF: creating hex file...
".\Serwomechanizm.axf" - 0 Errors, 0 Warning(s).
Build target 'Target 1'
compiling main.c...
linking...
Program Size: Code=1340 RO-data=32 RW-data=12 ZI-data=1260  
FromELF: creating hex file...
".\Serwomechanizm.axf" - 0 Errors, 0 Warning(s).
Build target 'Target 1'
compiling main.c...
linking...
Program Size: Code=1372 RO-data=32 RW-data=12 ZI-data=1260  
FromELF: creating hex file...
".\Serwomechanizm.axf" - 0 Errors, 0 Warning(s).
Build target 'Target 1'
compiling main.c...
linking...
Program Size: Code=1372 RO-data=32 RW-data=12 ZI-data=1260  
FromELF: creating hex file...
".\Serwomechanizm.axf" - 0 Errors, 0 Warning(s).
Build target 'Target 1'
compiling main.c...
linking...
Program Size: Code=1380 RO-data=32 RW-data=12 ZI-data=1260  
FromELF: creating hex file...
".\Serwomechanizm.axf" - 0 Errors, 0 Warning(s).
Build target 'Target 1'
compiling main.c...
linking...
Program Size: Code=1396 RO-data=32 RW-data=12 ZI-data=1260  
FromELF: creating hex file...
".\Serwomechanizm.axf" - 0 Errors, 0 Warning(s).
Build target 'Target 1'
compiling main.c...
linking...
Program Size: Code=1396 RO-data=32 RW-data=12 ZI-data=1260  
FromELF: creating hex file...
".\Serwomechanizm.axf" - 0 Errors, 0 Warning(s).
Build target 'Target 1'
compiling main.c...
linking...
Program Size: Code=1396 RO-data=32 RW-data=12 ZI-data=1260  
FromELF: creating hex file...
".\Serwomechanizm.axf" - 0 Errors, 0 Warning(s).
Build target 'Target 1'
compiling main.c...
linking...
Program Size: Code=1388 RO-data=32 RW-data=12 ZI-data=1260  
FromELF: creating hex file...
".\Serwomechanizm.axf" - 0 Errors, 0 Warning(s).
Build target 'Target 1'
compiling main.c...
linking...
Program Size: Code=1432 RO-data=32 RW-data=12 ZI-data=1260  
FromELF: creating hex file...
".\Serwomechanizm.axf" - 0 Errors, 0 Warning(s).
Build target 'Target 1'
linking...
Program Size: Code=1432 RO-data=32 RW-data=12 ZI-data=1260  
FromELF: creating hex file...
".\Serwomechanizm.axf" - 0 Errors, 0 Warning(s).
Build target 'Target 1'
compiling main.c...
linking...
Program Size: Code=1364 RO-data=32 RW-data=12 ZI-data=1260  
FromELF: creating hex file...
".\Serwomechanizm.axf" - 0 Errors, 0 Warning(s).
Build target 'Target 1'
compiling main.c...
linking...
Program Size: Code=1432 RO-data=32 RW-data=12 ZI-data=1260  
FromELF: creating hex file...
".\Serwomechanizm.axf" - 0 Errors, 0 Warning(s).
Build target 'Target 1'
compiling main.c...
linking...
Program Size: Code=1432 RO-data=32 RW-data=12 ZI-data=1260  
FromELF: creating hex file...
".\Serwomechanizm.axf" - 0 Errors, 0 Warning(s).
Build target 'Target 1'
compiling main.c...
linking...
Program Size: Code=1440 RO-data=32 RW-data=12 ZI-data=1260  
FromELF: creating hex file...
".\Serwomechanizm.axf" - 0 Errors, 0 Warning(s).
Build target 'Target 1'
compiling main.c...
linking...
Program Size: Code=1452 RO-data=32 RW-data=12 ZI-data=1260  
FromELF: creating hex file...
".\Serwomechanizm.axf" - 0 Errors, 0 Warning(s).
Build target 'Target 1'
compiling main.c...
linking...
Program Size: Code=1460 RO-data=32 RW-data=12 ZI-data=1260  
FromELF: creating hex file...
".\Serwomechanizm.axf" - 0 Errors, 0 Warning(s).
Build target 'Target 1'
compiling main.c...
main.c(155): warning:  #1-D: last line of file ends without a newline
main.c(124): warning:  #177-D: variable "eLedStatus" was declared but never referenced
compiling keyboard.c...
compiling led.c...
compiling timer_interrupts.c...
linking...
Program Size: Code=2236 RO-data=32 RW-data=20 ZI-data=1260  
FromELF: creating hex file...
".\Serwomechanizm.axf" - 0 Errors, 2 Warning(s).
Build target 'Target 1'
compiling main.c...
compiling keyboard.c...
compiling led.c...
compiling timer_interrupts.c...
linking...
Program Size: Code=2232 RO-data=32 RW-data=20 ZI-data=1260  
FromELF: creating hex file...
".\Serwomechanizm.axf" - 0 Errors, 0 Warning(s).
Build target 'Target 1'
compiling main.c...
linking...
Program Size: Code=2232 RO-data=32 RW-data=20 ZI-data=1260  
FromELF: creating hex file...
".\Serwomechanizm.axf" - 0 Errors, 0 Warning(s).
Build target 'Target 1'
compiling main.c...
linking...
Program Size: Code=2252 RO-data=32 RW-data=20 ZI-data=1260  
FromELF: creating hex file...
".\Serwomechanizm.axf" - 0 Errors, 0 Warning(s).
Build target 'Target 1'
compiling main.c...
linking...
Program Size: Code=2252 RO-data=32 RW-data=20 ZI-data=1260  
FromELF: creating hex file...
".\Serwomechanizm.axf" - 0 Errors, 0 Warning(s).
Build target 'Target 1'
compiling main.c...
linking...
Program Size: Code=2220 RO-data=32 RW-data=20 ZI-data=1260  
FromELF: creating hex file...
".\Serwomechanizm.axf" - 0 Errors, 0 Warning(s).
Build target 'Target 1'
compiling main.c...
linking...
Program Size: Code=2200 RO-data=32 RW-data=20 ZI-data=1260  
FromELF: creating hex file...
".\Serwomechanizm.axf" - 0 Errors, 0 Warning(s).
Build target 'Target 1'
compiling main.c...
linking...
Program Size: Code=2200 RO-data=32 RW-data=20 ZI-data=1260  
FromELF: creating hex file...
".\Serwomechanizm.axf" - 0 Errors, 0 Warning(s).
