<html>
<body>
<pre>
<h1>µVision Build Log</h1>
<h2>Project:</h2>
C:\Users\M_Jez\Documents\Studia\Programowanie mikrokontrolerów ARM w jêzyku C\Projekty\Archive\Moduly\Moduly.uvproj
Project File Date:  12/07/2017

<h2>Output:</h2>
Build target 'Target 1'
compiling keyboard.c...
keyboard.h(3): warning:  #1295-D: Deprecated declaration KeyboardInit - give arg types
keyboard.h(4): warning:  #1295-D: Deprecated declaration eKeyboarRead - give arg types
keyboard.c(16): error:  #97: a function may not return a value of this type
compiling main.c...
keyboard.h(3): warning:  #1295-D: Deprecated declaration KeyboardInit - give arg types
keyboard.h(4): warning:  #1295-D: Deprecated declaration eKeyboarRead - give arg types
".\Moduly.axf" - 1 Errors, 4 Warning(s).
Target not created
Build target 'Target 1'
compiling keyboard.c...
keyboard.h(3): warning:  #1295-D: Deprecated declaration KeyboardInit - give arg types
keyboard.h(4): warning:  #1295-D: Deprecated declaration eKeyboardRead - give arg types
keyboard.c(16): error:  #147: declaration is incompatible with "enum KeyboardState eKeyboardRead()" (declared at line 4 of "keyboard.h")
compiling main.c...
keyboard.h(3): warning:  #1295-D: Deprecated declaration KeyboardInit - give arg types
keyboard.h(4): warning:  #1295-D: Deprecated declaration eKeyboardRead - give arg types
".\Moduly.axf" - 1 Errors, 4 Warning(s).
Target not created
Build target 'Target 1'
compiling keyboard.c...
keyboard.c(16): error:  #147: declaration is incompatible with "enum KeyboardState eKeyboardRead(void)" (declared at line 4 of "keyboard.h")
compiling main.c...
".\Moduly.axf" - 1 Errors, 0 Warning(s).
Target not created
Build target 'Target 1'
compiling keyboard.c...
compiling led.c...
led.c(58): warning:  #1-D: last line of file ends without a newline
compiling main.c...
main.c(17): warning:  #223-D: function "eKeyboarRead" declared implicitly
main.c(17): warning:  #188-D: enumerated type mixed with another type
main.c(37): error: At end of source:  #67: expected a "}"
".\Moduly.axf" - 1 Errors, 3 Warning(s).
Target not created
Build target 'Target 1'
compiling main.c...
main.c(37): error: At end of source:  #67: expected a "}"
".\Moduly.axf" - 1 Errors, 0 Warning(s).
Target not created
Build target 'Target 1'
compiling main.c...
linking...
Program Size: Code=1444 RO-data=32 RW-data=4 ZI-data=1260  
FromELF: creating hex file...
".\Moduly.axf" - 0 Errors, 0 Warning(s).
Rebuild target 'Target 1'
assembling Startup.s...
compiling keyboard.c...
compiling led.c...
led.c(58): warning:  #1-D: last line of file ends without a newline
compiling main.c...
linking...
Program Size: Code=1444 RO-data=32 RW-data=4 ZI-data=1260  
FromELF: creating hex file...
".\Moduly.axf" - 0 Errors, 1 Warning(s).
Rebuild target 'Target 1'
assembling Startup.s...
compiling keyboard.c...
compiling led.c...
led.c(58): warning:  #1-D: last line of file ends without a newline
compiling main.c...
linking...
Program Size: Code=1444 RO-data=32 RW-data=4 ZI-data=1260  
FromELF: creating hex file...
".\Moduly.axf" - 0 Errors, 1 Warning(s).
Build target 'Target 1'
compiling led.c...
linking...
Program Size: Code=1444 RO-data=32 RW-data=4 ZI-data=1260  
FromELF: creating hex file...
".\Moduly.axf" - 0 Errors, 0 Warning(s).
Build target 'Target 1'
compiling led.c...
linking...
Program Size: Code=1404 RO-data=32 RW-data=4 ZI-data=1260  
FromELF: creating hex file...
".\Moduly.axf" - 0 Errors, 0 Warning(s).
Build target 'Target 1'
compiling main.c...
linking...
Program Size: Code=1412 RO-data=32 RW-data=4 ZI-data=1260  
FromELF: creating hex file...
".\Moduly.axf" - 0 Errors, 0 Warning(s).
Build target 'Target 1'
compiling main.c...
linking...
Program Size: Code=1412 RO-data=32 RW-data=4 ZI-data=1260  
FromELF: creating hex file...
".\Moduly.axf" - 0 Errors, 0 Warning(s).
