<html>
<body>
<pre>
<h1>µVision Build Log</h1>
<h2>Project:</h2>
C:\Users\Michal_Jez\Documents\Programing_uC_ARM_in_C\Archive\Uklad_czasowo-licznikowy\Uklad_czasowo-licznikowy.uvproj
Project File Date:  12/20/2017

<h2>Output:</h2>
Build target 'Target 1'
compiling timer.c...
linking...
Program Size: Code=1360 RO-data=32 RW-data=4 ZI-data=1260  
FromELF: creating hex file...
".\Uklad_czasowo-licznikowy.axf" - 0 Errors, 0 Warning(s).
Build target 'Target 1'
compiling timer.c...
linking...
Program Size: Code=1360 RO-data=32 RW-data=4 ZI-data=1260  
FromELF: creating hex file...
".\Uklad_czasowo-licznikowy.axf" - 0 Errors, 0 Warning(s).
Build target 'Target 1'
compiling main.c...
main.c(19): warning:  #111-D: statement is unreachable
main.c(25): error:  #40: expected an identifier
main.c(25): error: At end of source:  #65: expected a ";"
".\Uklad_czasowo-licznikowy.axf" - 2 Errors, 1 Warning(s).
Target not created
Build target 'Target 1'
compiling main.c...
linking...
Program Size: Code=1360 RO-data=32 RW-data=4 ZI-data=1260  
FromELF: creating hex file...
".\Uklad_czasowo-licznikowy.axf" - 0 Errors, 0 Warning(s).
Build target 'Target 1'
compiling main.c...
linking...
Program Size: Code=1360 RO-data=32 RW-data=4 ZI-data=1260  
FromELF: creating hex file...
".\Uklad_czasowo-licznikowy.axf" - 0 Errors, 0 Warning(s).
Build target 'Target 1'
compiling timer.c...
compiling main.c...
linking...
Program Size: Code=1360 RO-data=32 RW-data=4 ZI-data=1260  
FromELF: creating hex file...
".\Uklad_czasowo-licznikowy.axf" - 0 Errors, 0 Warning(s).
