<html>
<body>
<pre>
<h1>µVision Build Log</h1>
<h2>Project:</h2>
C:\Users\Michal_Jez\Documents\Programing_uC_ARM_in_C\Archive\Uklad_czasowo-licznikowy\Uklad_czasowo-licznikowy.uvproj
Project File Date:  12/20/2017

<h2>Output:</h2>
Build target 'Target 1'
compiling main.c...
linking...
Program Size: Code=1360 RO-data=32 RW-data=4 ZI-data=1260  
FromELF: creating hex file...
".\Uklad_czasowo-licznikowy.axf" - 0 Errors, 0 Warning(s).
Build target 'Target 1'
linking...
Program Size: Code=1360 RO-data=32 RW-data=4 ZI-data=1260  
FromELF: creating hex file...
".\Uklad_czasowo-licznikowy.axf" - 0 Errors, 0 Warning(s).
Build target 'Target 1'
compiling main.c...
linking...
Program Size: Code=1360 RO-data=32 RW-data=4 ZI-data=1260  
FromELF: creating hex file...
".\Uklad_czasowo-licznikowy.axf" - 0 Errors, 0 Warning(s).
Build target 'Target 1'
compiling main.c...
linking...
Program Size: Code=1360 RO-data=32 RW-data=4 ZI-data=1260  
FromELF: creating hex file...
".\Uklad_czasowo-licznikowy.axf" - 0 Errors, 0 Warning(s).
Build target 'Target 1'
compiling main.c...
linking...
Program Size: Code=1360 RO-data=32 RW-data=4 ZI-data=1260  
FromELF: creating hex file...
".\Uklad_czasowo-licznikowy.axf" - 0 Errors, 0 Warning(s).
Build target 'Target 1'
compiling timer.c...
linking...
Program Size: Code=1360 RO-data=32 RW-data=4 ZI-data=1260  
FromELF: creating hex file...
".\Uklad_czasowo-licznikowy.axf" - 0 Errors, 0 Warning(s).
Build target 'Target 1'
compiling main.c...
linking...
Program Size: Code=1360 RO-data=32 RW-data=4 ZI-data=1260  
FromELF: creating hex file...
".\Uklad_czasowo-licznikowy.axf" - 0 Errors, 0 Warning(s).
Build target 'Target 1'
compiling main.c...
linking...
Program Size: Code=1360 RO-data=32 RW-data=4 ZI-data=1260  
FromELF: creating hex file...
".\Uklad_czasowo-licznikowy.axf" - 0 Errors, 0 Warning(s).
Build target 'Target 1'
compiling timer.c...
compiling main.c...
linking...
Program Size: Code=1360 RO-data=32 RW-data=4 ZI-data=1260  
FromELF: creating hex file...
".\Uklad_czasowo-licznikowy.axf" - 0 Errors, 0 Warning(s).
Build target 'Target 1'
compiling timer.c...
timer.c(14): error:  #109: expression must have (pointer-to-) function type
".\Uklad_czasowo-licznikowy.axf" - 1 Errors, 0 Warning(s).
Target not created
Build target 'Target 1'
compiling timer.c...
timer.c(14): error:  #109: expression must have (pointer-to-) function type
".\Uklad_czasowo-licznikowy.axf" - 1 Errors, 0 Warning(s).
Target not created
Build target 'Target 1'
compiling timer.c...
timer.c(14): error:  #109: expression must have (pointer-to-) function type
compiling main.c...
".\Uklad_czasowo-licznikowy.axf" - 1 Errors, 0 Warning(s).
Target not created
Build target 'Target 1'
compiling timer.c...
linking...
Program Size: Code=1352 RO-data=32 RW-data=4 ZI-data=1260  
FromELF: creating hex file...
".\Uklad_czasowo-licznikowy.axf" - 0 Errors, 0 Warning(s).
Build target 'Target 1'
compiling timer.c...
compiling main.c...
linking...
Program Size: Code=1344 RO-data=32 RW-data=4 ZI-data=1260  
FromELF: creating hex file...
".\Uklad_czasowo-licznikowy.axf" - 0 Errors, 0 Warning(s).
Build target 'Target 1'
compiling timer.c...
linking...
Program Size: Code=1344 RO-data=32 RW-data=4 ZI-data=1260  
FromELF: creating hex file...
".\Uklad_czasowo-licznikowy.axf" - 0 Errors, 0 Warning(s).
Build target 'Target 1'
linking...
Program Size: Code=1344 RO-data=32 RW-data=4 ZI-data=1260  
FromELF: creating hex file...
".\Uklad_czasowo-licznikowy.axf" - 0 Errors, 0 Warning(s).
Build target 'Target 1'
compiling timer.c...
linking...
Program Size: Code=1344 RO-data=32 RW-data=4 ZI-data=1260  
FromELF: creating hex file...
".\Uklad_czasowo-licznikowy.axf" - 0 Errors, 0 Warning(s).
Build target 'Target 1'
compiling timer.c...
linking...
Program Size: Code=1344 RO-data=32 RW-data=4 ZI-data=1260  
FromELF: creating hex file...
".\Uklad_czasowo-licznikowy.axf" - 0 Errors, 0 Warning(s).
Build target 'Target 1'
compiling timer.c...
linking...
Program Size: Code=1344 RO-data=32 RW-data=4 ZI-data=1260  
FromELF: creating hex file...
".\Uklad_czasowo-licznikowy.axf" - 0 Errors, 0 Warning(s).
Build target 'Target 1'
compiling main.c...
linking...
Program Size: Code=1344 RO-data=32 RW-data=4 ZI-data=1260  
FromELF: creating hex file...
".\Uklad_czasowo-licznikowy.axf" - 0 Errors, 0 Warning(s).
Build target 'Target 1'
compiling timer.c...
linking...
Program Size: Code=1336 RO-data=32 RW-data=4 ZI-data=1260  
FromELF: creating hex file...
".\Uklad_czasowo-licznikowy.axf" - 0 Errors, 0 Warning(s).
Build target 'Target 1'
compiling timer.c...
linking...
Program Size: Code=1320 RO-data=32 RW-data=4 ZI-data=1260  
FromELF: creating hex file...
".\Uklad_czasowo-licznikowy.axf" - 0 Errors, 0 Warning(s).
Build target 'Target 1'
compiling timer.c...
linking...
Program Size: Code=1336 RO-data=32 RW-data=4 ZI-data=1260  
FromELF: creating hex file...
".\Uklad_czasowo-licznikowy.axf" - 0 Errors, 0 Warning(s).
Build target 'Target 1'
compiling timer.c...
compiling main.c...
linking...
Program Size: Code=1352 RO-data=32 RW-data=4 ZI-data=1260  
FromELF: creating hex file...
".\Uklad_czasowo-licznikowy.axf" - 0 Errors, 0 Warning(s).
Build target 'Target 1'
compiling timer.c...
linking...
Program Size: Code=1352 RO-data=32 RW-data=4 ZI-data=1260  
FromELF: creating hex file...
".\Uklad_czasowo-licznikowy.axf" - 0 Errors, 0 Warning(s).
Build target 'Target 1'
compiling timer.c...
linking...
Program Size: Code=1352 RO-data=32 RW-data=4 ZI-data=1260  
FromELF: creating hex file...
".\Uklad_czasowo-licznikowy.axf" - 0 Errors, 0 Warning(s).
Build target 'Target 1'
compiling timer.c...
linking...
Program Size: Code=1352 RO-data=32 RW-data=4 ZI-data=1260  
FromELF: creating hex file...
".\Uklad_czasowo-licznikowy.axf" - 0 Errors, 0 Warning(s).
Build target 'Target 1'
compiling timer.c...
compiling main.c...
main.c(27): error: At end of source:  #67: expected a "}"
".\Uklad_czasowo-licznikowy.axf" - 1 Errors, 0 Warning(s).
Target not created
Build target 'Target 1'
compiling main.c...
main.c(27): error: At end of source:  #67: expected a "}"
".\Uklad_czasowo-licznikowy.axf" - 1 Errors, 0 Warning(s).
Target not created
Build target 'Target 1'
compiling main.c...
linking...
Program Size: Code=1352 RO-data=32 RW-data=4 ZI-data=1260  
FromELF: creating hex file...
".\Uklad_czasowo-licznikowy.axf" - 0 Errors, 0 Warning(s).
Build target 'Target 1'
compiling timer.c...
linking...
Program Size: Code=1316 RO-data=32 RW-data=4 ZI-data=1260  
FromELF: creating hex file...
".\Uklad_czasowo-licznikowy.axf" - 0 Errors, 0 Warning(s).
Build target 'Target 1'
linking...
Program Size: Code=1316 RO-data=32 RW-data=4 ZI-data=1260  
FromELF: creating hex file...
".\Uklad_czasowo-licznikowy.axf" - 0 Errors, 0 Warning(s).
Build target 'Target 1'
compiling timer.c...
linking...
Program Size: Code=1316 RO-data=32 RW-data=4 ZI-data=1260  
FromELF: creating hex file...
".\Uklad_czasowo-licznikowy.axf" - 0 Errors, 0 Warning(s).
