<html>
<body>
<pre>
<h1>µVision Build Log</h1>
<h2>Project:</h2>
C:\Users\Michal_Jez\Documents\Programing_uC_ARM_in_C\Archive\Przerwania\Przerwania.uvproj
Project File Date:  12/23/2017

<h2>Output:</h2>
Build target 'Target 1'
compiling main.c...
linking...
Program Size: Code=1664 RO-data=32 RW-data=8 ZI-data=1256  
FromELF: creating hex file...
".\Przerwania.axf" - 0 Errors, 0 Warning(s).
Build target 'Target 1'
linking...
Program Size: Code=1664 RO-data=32 RW-data=8 ZI-data=1256  
FromELF: creating hex file...
".\Przerwania.axf" - 0 Errors, 0 Warning(s).
Build target 'Target 1'
compiling main.c...
main.c(20): error:  #20: identifier "uiDelay" is undefined
main.c(37): error:  #20: identifier "uiDelay" is undefined
main.c(9): warning:  #177-D: variable "uiLedDelay" was declared but never referenced
".\Przerwania.axf" - 2 Errors, 1 Warning(s).
Target not created
Build target 'Target 1'
compiling main.c...
linking...
Program Size: Code=1664 RO-data=32 RW-data=8 ZI-data=1256  
FromELF: creating hex file...
".\Przerwania.axf" - 0 Errors, 0 Warning(s).
Build target 'Target 1'
compiling main.c...
linking...
Program Size: Code=1664 RO-data=32 RW-data=8 ZI-data=1256  
FromELF: creating hex file...
".\Przerwania.axf" - 0 Errors, 0 Warning(s).
Build target 'Target 1'
compiling main.c...
linking...
Program Size: Code=1664 RO-data=32 RW-data=8 ZI-data=1256  
FromELF: creating hex file...
".\Przerwania.axf" - 0 Errors, 0 Warning(s).
