<html>
<body>
<pre>
<h1>µVision Build Log</h1>
<h2>Project:</h2>
C:\Users\Michal_Jez\Documents\Programing_uC_ARM_in_C\Archive\Przerwania\Przerwania.uvproj
Project File Date:  12/23/2017

<h2>Output:</h2>
Build target 'Target 1'
compiling main.c...
linking...
Program Size: Code=1664 RO-data=32 RW-data=8 ZI-data=1256  
FromELF: creating hex file...
".\Przerwania.axf" - 0 Errors, 0 Warning(s).
Build target 'Target 1'
compiling timer_interrupts.c...
linking...
.\Przerwania.axf: Error: L6218E: Undefined symbol Timer0Interrupts_End (referred from main.o).
".\Przerwania.axf" - 1 Errors, 0 Warning(s).
Target not created
Build target 'Target 1'
compiling main.c...
main.c(17): warning:  #223-D: function "Timer0Interrupts_End" declared implicitly
main.c(34): warning:  #223-D: function "Timer0Interrupts_End" declared implicitly
linking...
.\Przerwania.axf: Error: L6218E: Undefined symbol Timer0Interrupts_End (referred from main.o).
".\Przerwania.axf" - 1 Errors, 2 Warning(s).
Target not created
Build target 'Target 1'
compiling main.c...
main.c(34): warning:  #223-D: function "Timer0Interrupts_End" declared implicitly
linking...
.\Przerwania.axf: Error: L6218E: Undefined symbol Timer0Interrupts_End (referred from main.o).
".\Przerwania.axf" - 1 Errors, 1 Warning(s).
Target not created
Build target 'Target 1'
compiling main.c...
linking...
Program Size: Code=1604 RO-data=32 RW-data=8 ZI-data=1256  
FromELF: creating hex file...
".\Przerwania.axf" - 0 Errors, 0 Warning(s).
Build target 'Target 1'
linking...
Program Size: Code=1604 RO-data=32 RW-data=8 ZI-data=1256  
FromELF: creating hex file...
".\Przerwania.axf" - 0 Errors, 0 Warning(s).
Build target 'Target 1'
compiling main.c...
compiling timer_interrupts.c...
linking...
Program Size: Code=1616 RO-data=32 RW-data=8 ZI-data=1256  
FromELF: creating hex file...
".\Przerwania.axf" - 0 Errors, 0 Warning(s).
Build target 'Target 1'
compiling main.c...
linking...
Program Size: Code=1608 RO-data=32 RW-data=8 ZI-data=1256  
FromELF: creating hex file...
".\Przerwania.axf" - 0 Errors, 0 Warning(s).
Build target 'Target 1'
compiling main.c...
linking...
Program Size: Code=1604 RO-data=32 RW-data=8 ZI-data=1256  
FromELF: creating hex file...
".\Przerwania.axf" - 0 Errors, 0 Warning(s).
Build target 'Target 1'
compiling main.c...
main.c(8): error:  #70: incomplete type is not allowed
main.c(8): error:  #20: identifier "LED_STOP" is undefined
main.c(12): error:  #20: identifier "LED_LEFT" is undefined
main.c(25): error:  #20: identifier "LED_RIGHT" is undefined
main.c(28): error:  #20: identifier "LED_RIGHT" is undefined
main.c(33): error:  #20: identifier "uiDelayMS" is undefined
main.c(44): warning:  #177-D: variable "uiDelayMS" was declared but never referenced
".\Przerwania.axf" - 6 Errors, 1 Warning(s).
Target not created
Build target 'Target 1'
compiling main.c...
main.c(43): warning:  #177-D: variable "uiDelayMS" was declared but never referenced
linking...
Program Size: Code=1448 RO-data=32 RW-data=4 ZI-data=1260  
FromELF: creating hex file...
".\Przerwania.axf" - 0 Errors, 1 Warning(s).
Build target 'Target 1'
compiling main.c...
main.c(46): error:  #20: identifier "Automaty" is undefined
".\Przerwania.axf" - 1 Errors, 0 Warning(s).
Target not created
Build target 'Target 1'
compiling main.c...
linking...
Program Size: Code=1616 RO-data=32 RW-data=8 ZI-data=1256  
FromELF: creating hex file...
".\Przerwania.axf" - 0 Errors, 0 Warning(s).
Build target 'Target 1'
compiling main.c...
compiling timer_interrupts.c...
linking...
Program Size: Code=1620 RO-data=32 RW-data=8 ZI-data=1256  
FromELF: creating hex file...
".\Przerwania.axf" - 0 Errors, 0 Warning(s).
Build target 'Target 1'
compiling main.c...
linking...
Program Size: Code=1616 RO-data=32 RW-data=8 ZI-data=1256  
FromELF: creating hex file...
".\Przerwania.axf" - 0 Errors, 0 Warning(s).
Build target 'Target 1'
compiling main.c...
linking...
Program Size: Code=1620 RO-data=32 RW-data=8 ZI-data=1256  
FromELF: creating hex file...
".\Przerwania.axf" - 0 Errors, 0 Warning(s).
Build target 'Target 1'
compiling main.c...
linking...
Program Size: Code=1628 RO-data=32 RW-data=8 ZI-data=1256  
FromELF: creating hex file...
".\Przerwania.axf" - 0 Errors, 0 Warning(s).
Build target 'Target 1'
compiling main.c...
linking...
Program Size: Code=1664 RO-data=32 RW-data=8 ZI-data=1256  
FromELF: creating hex file...
".\Przerwania.axf" - 0 Errors, 0 Warning(s).
Build target 'Target 1'
compiling main.c...
main.c(7): warning:  #1000-D: a storage class may not be specified here
linking...
Program Size: Code=1664 RO-data=32 RW-data=8 ZI-data=1256  
FromELF: creating hex file...
".\Przerwania.axf" - 0 Errors, 1 Warning(s).
Build target 'Target 1'
compiling main.c...
linking...
Program Size: Code=1664 RO-data=32 RW-data=8 ZI-data=1256  
FromELF: creating hex file...
".\Przerwania.axf" - 0 Errors, 0 Warning(s).
Build target 'Target 1'
compiling main.c...
linking...
Program Size: Code=1668 RO-data=32 RW-data=8 ZI-data=1256  
FromELF: creating hex file...
".\Przerwania.axf" - 0 Errors, 0 Warning(s).
Build target 'Target 1'
compiling main.c...
main.c(46): error:  #18: expected a ")"
main.c(50): warning:  #12-D: parsing restarts here after previous syntax error
main.c(50): error:  #65: expected a ";"
".\Przerwania.axf" - 2 Errors, 1 Warning(s).
Target not created
Build target 'Target 1'
compiling main.c...
linking...
Program Size: Code=1660 RO-data=32 RW-data=8 ZI-data=1256  
FromELF: creating hex file...
".\Przerwania.axf" - 0 Errors, 0 Warning(s).
Build target 'Target 1'
compiling main.c...
linking...
Program Size: Code=1656 RO-data=32 RW-data=8 ZI-data=1256  
FromELF: creating hex file...
".\Przerwania.axf" - 0 Errors, 0 Warning(s).
Build target 'Target 1'
compiling main.c...
linking...
Program Size: Code=1616 RO-data=32 RW-data=8 ZI-data=1256  
FromELF: creating hex file...
".\Przerwania.axf" - 0 Errors, 0 Warning(s).
Build target 'Target 1'
compiling main.c...
linking...
Program Size: Code=1656 RO-data=32 RW-data=8 ZI-data=1256  
FromELF: creating hex file...
".\Przerwania.axf" - 0 Errors, 0 Warning(s).
Build target 'Target 1'
compiling main.c...
linking...
Program Size: Code=1656 RO-data=32 RW-data=8 ZI-data=1256  
FromELF: creating hex file...
".\Przerwania.axf" - 0 Errors, 0 Warning(s).
Build target 'Target 1'
compiling main.c...
linking...
Program Size: Code=1656 RO-data=32 RW-data=8 ZI-data=1256  
FromELF: creating hex file...
".\Przerwania.axf" - 0 Errors, 0 Warning(s).
Build target 'Target 1'
compiling main.c...
linking...
Program Size: Code=1656 RO-data=32 RW-data=8 ZI-data=1256  
FromELF: creating hex file...
".\Przerwania.axf" - 0 Errors, 0 Warning(s).
