<html>
<body>
<pre>
<h1>µVision Build Log</h1>
<h2>Project:</h2>
C:\Users\Michal_Jez\Documents\Programing_uC_ARM_in_C\Archive\Serwomechanizm\Serwomechanizm.uvproj
Project File Date:  12/31/2017

<h2>Output:</h2>
Build target 'Target 1'
compiling main.c...
compiling servo.c...
servo.c(21): error:  #97: a function may not return a value of this type
servo.c(24): error:  #20: identifier "ACTIVE" is undefined
servo.c(27): error:  #20: identifier "INACTIVE" is undefined
servo.c(33): error:  #70: incomplete type is not allowed
servo.c(33): error:  #20: identifier "CALLIB" is undefined
servo.c(34): error:  #70: incomplete type is not allowed
servo.c(35): error:  #70: incomplete type is not allowed
servo.c(40): error:  #70: incomplete type is not allowed
servo.c(41): error:  #70: incomplete type is not allowed
servo.c(42): error:  #70: incomplete type is not allowed
servo.c(42): error:  #20: identifier "IN_PROGRESS" is undefined
servo.c(51): error:  #70: incomplete type is not allowed
servo.c(52): error:  #20: identifier "CALLIB" is undefined
servo.c(53): error:  #20: identifier "ACTIVE" is undefined
servo.c(54): error:  #70: incomplete type is not allowed
servo.c(54): error:  #20: identifier "IDLE" is undefined
servo.c(60): error:  #20: identifier "IDLE" is undefined
servo.c(61): error:  #70: incomplete type is not allowed
servo.c(61): error:  #70: incomplete type is not allowed
servo.c(80): error:  #70: incomplete type is not allowed
servo.c(80): error:  #20: identifier "IN_PROGRESS" is undefined
servo.c(83): error:  #20: identifier "IN_PROGRESS" is undefined
servo.c(84): error:  #70: incomplete type is not allowed
servo.c(84): error:  #70: incomplete type is not allowed
servo.c(85): error:  #70: incomplete type is not allowed
servo.c(85): error:  #70: incomplete type is not allowed
servo.c(87): error:  #70: incomplete type is not allowed
servo.c(91): error:  #70: incomplete type is not allowed
servo.c(95): error:  #70: incomplete type is not allowed
servo.c(106): error:  #70: incomplete type is not allowed
".\Serwomechanizm.axf" - 30 Errors, 0 Warning(s).
Target not created
Build target 'Target 1'
compiling main.c...
compiling servo.c...
linking...
Program Size: Code=3808 RO-data=32 RW-data=8 ZI-data=1272  
FromELF: creating hex file...
".\Serwomechanizm.axf" - 0 Errors, 0 Warning(s).
Build target 'Target 1'
compiling main.c...
compiling servo.c...
linking...
Program Size: Code=3808 RO-data=32 RW-data=8 ZI-data=1272  
FromELF: creating hex file...
".\Serwomechanizm.axf" - 0 Errors, 0 Warning(s).
Build target 'Target 1'
compiling servo.c...
linking...
Program Size: Code=3812 RO-data=32 RW-data=8 ZI-data=1272  
FromELF: creating hex file...
".\Serwomechanizm.axf" - 0 Errors, 0 Warning(s).
Build target 'Target 1'
compiling main.c...
compiling servo.c...
linking...
Program Size: Code=3808 RO-data=32 RW-data=8 ZI-data=1272  
FromELF: creating hex file...
".\Serwomechanizm.axf" - 0 Errors, 0 Warning(s).
Build target 'Target 1'
compiling main.c...
compiling servo.c...
linking...
Program Size: Code=3808 RO-data=32 RW-data=8 ZI-data=1272  
FromELF: creating hex file...
".\Serwomechanizm.axf" - 0 Errors, 0 Warning(s).
Build target 'Target 1'
compiling servo.c...
linking...
Program Size: Code=2444 RO-data=32 RW-data=8 ZI-data=1272  
FromELF: creating hex file...
".\Serwomechanizm.axf" - 0 Errors, 0 Warning(s).
Build target 'Target 1'
compiling servo.c...
linking...
Program Size: Code=2464 RO-data=32 RW-data=8 ZI-data=1272  
FromELF: creating hex file...
".\Serwomechanizm.axf" - 0 Errors, 0 Warning(s).
Build target 'Target 1'
compiling servo.c...
linking...
Program Size: Code=2464 RO-data=32 RW-data=8 ZI-data=1272  
FromELF: creating hex file...
".\Serwomechanizm.axf" - 0 Errors, 0 Warning(s).
Build target 'Target 1'
compiling servo.c...
linking...
Program Size: Code=2464 RO-data=32 RW-data=8 ZI-data=1272  
FromELF: creating hex file...
".\Serwomechanizm.axf" - 0 Errors, 0 Warning(s).
Build target 'Target 1'
compiling servo.c...
linking...
Program Size: Code=2464 RO-data=32 RW-data=8 ZI-data=1272  
FromELF: creating hex file...
".\Serwomechanizm.axf" - 0 Errors, 0 Warning(s).
Build target 'Target 1'
compiling main.c...
linking...
Program Size: Code=2484 RO-data=32 RW-data=8 ZI-data=1272  
FromELF: creating hex file...
".\Serwomechanizm.axf" - 0 Errors, 0 Warning(s).
