<html>
<body>
<pre>
<h1>µVision Build Log</h1>
<h2>Project:</h2>
C:\Users\Michal_Jez\Documents\Programing_uC_ARM_in_C\Archive\Automaty\Automaty.uvproj
Project File Date:  11/22/2017

<h2>Output:</h2>
Build target 'Target 1'
compiling main.c...
compiling keyboard.c...
linking...
Program Size: Code=1492 RO-data=32 RW-data=8 ZI-data=1256  
FromELF: creating hex file...
".\Automaty.axf" - 0 Errors, 0 Warning(s).
Build target 'Target 1'
compiling main.c...
linking...
Program Size: Code=1496 RO-data=32 RW-data=8 ZI-data=1256  
FromELF: creating hex file...
".\Automaty.axf" - 0 Errors, 0 Warning(s).
Build target 'Target 1'
compiling main.c...
linking...
Program Size: Code=1504 RO-data=32 RW-data=8 ZI-data=1256  
FromELF: creating hex file...
".\Automaty.axf" - 0 Errors, 0 Warning(s).
Build target 'Target 1'
compiling main.c...
main.c(47): error:  #70: incomplete type is not allowed
main.c(51): warning:  #223-D: function "LedStepRight" declared implicitly
main.c(56): warning:  #223-D: function "eKeyboarRead" declared implicitly
main.c(72): warning:  #223-D: function "DelayMS" declared implicitly
".\Automaty.axf" - 1 Errors, 3 Warning(s).
Target not created
Build target 'Target 1'
compiling main.c...
main.c(47): error:  #70: incomplete type is not allowed
main.c(51): error:  #20: identifier "RIGTH" is undefined
main.c(56): warning:  #223-D: function "eKeyboarRead" declared implicitly
main.c(72): warning:  #223-D: function "DelayMS" declared implicitly
".\Automaty.axf" - 2 Errors, 2 Warning(s).
Target not created
Build target 'Target 1'
compiling main.c...
main.c(47): error:  #70: incomplete type is not allowed
main.c(56): warning:  #223-D: function "eKeyboarRead" declared implicitly
main.c(72): warning:  #223-D: function "DelayMS" declared implicitly
".\Automaty.axf" - 1 Errors, 2 Warning(s).
Target not created
Build target 'Target 1'
compiling main.c...
main.c(47): error:  #70: incomplete type is not allowed
main.c(72): warning:  #223-D: function "DelayMS" declared implicitly
".\Automaty.axf" - 1 Errors, 1 Warning(s).
Target not created
Build target 'Target 1'
compiling main.c...
main.c(47): error:  #70: incomplete type is not allowed
".\Automaty.axf" - 1 Errors, 0 Warning(s).
Target not created
Build target 'Target 1'
compiling main.c...
linking...
Program Size: Code=1644 RO-data=32 RW-data=8 ZI-data=1256  
FromELF: creating hex file...
".\Automaty.axf" - 0 Errors, 0 Warning(s).
Build target 'Target 1'
compiling main.c...
linking...
Program Size: Code=1644 RO-data=32 RW-data=8 ZI-data=1256  
FromELF: creating hex file...
".\Automaty.axf" - 0 Errors, 0 Warning(s).
Build target 'Target 1'
compiling main.c...
linking...
Program Size: Code=1644 RO-data=32 RW-data=8 ZI-data=1256  
FromELF: creating hex file...
".\Automaty.axf" - 0 Errors, 0 Warning(s).
Build target 'Target 1'
compiling main.c...
main.c(102): warning:  #223-D: function "ReadKey" declared implicitly
linking...
.\Automaty.axf: Error: L6218E: Undefined symbol ReadKey (referred from main.o).
".\Automaty.axf" - 1 Errors, 1 Warning(s).
Target not created
Build target 'Target 1'
compiling main.c...
linking...
Program Size: Code=1632 RO-data=32 RW-data=8 ZI-data=1256  
FromELF: creating hex file...
".\Automaty.axf" - 0 Errors, 0 Warning(s).
Build target 'Target 1'
compiling main.c...
linking...
.\Automaty.axf: Error: L6218E: Undefined symbol main (referred from rtentry2.o).
".\Automaty.axf" - 1 Errors, 0 Warning(s).
Target not created
Build target 'Target 1'
compiling main.c...
linking...
Program Size: Code=1680 RO-data=32 RW-data=8 ZI-data=1256  
FromELF: creating hex file...
".\Automaty.axf" - 0 Errors, 0 Warning(s).
Build target 'Target 1'
compiling main.c...
linking...
Program Size: Code=1680 RO-data=32 RW-data=8 ZI-data=1256  
FromELF: creating hex file...
".\Automaty.axf" - 0 Errors, 0 Warning(s).
