<html>
<body>
<pre>
<h1>µVision Build Log</h1>
<h2>Project:</h2>
C:\Users\Michal_Jez\Documents\Programing_uC_ARM_in_C\Archive\Automaty\Automaty.uvproj
Project File Date:  11/22/2017

<h2>Output:</h2>
Build target 'Target 1'
linking...
Program Size: Code=1680 RO-data=32 RW-data=8 ZI-data=1256  
FromELF: creating hex file...
".\Automaty.axf" - 0 Errors, 0 Warning(s).
Build target 'Target 1'
compiling main.c...
main.c(120): warning:  #177-D: variable "ucCycleDelay" was declared but never referenced
linking...
Program Size: Code=1720 RO-data=32 RW-data=8 ZI-data=1256  
FromELF: creating hex file...
".\Automaty.axf" - 0 Errors, 1 Warning(s).
Build target 'Target 1'
compiling main.c...
linking...
Program Size: Code=1748 RO-data=32 RW-data=8 ZI-data=1256  
FromELF: creating hex file...
".\Automaty.axf" - 0 Errors, 0 Warning(s).
